Archive member included to satisfy reference by file (symbol)

E:\VV_application\BLE单片机\CH573EVT\EVT\EXAM\SRC\StdPeriphDriver\libISP573.a(ISP573.o)
                              ./StdPeriphDriver/CH57x_adc.o (FLASH_EEPROM_CMD)
E:\VV_application\BLE单片机\CH573EVT\EVT\EXAM\BLE\LIB\libCH57xBLE.a(message.o)
                              ./HAL/MCU.o (tmos_msg_deallocate)
E:\VV_application\BLE单片机\CH573EVT\EVT\EXAM\BLE\LIB\libCH57xBLE.a(tmos.o)
                              ./Profile/devinfoservice.o (tmos_memcpy)
E:\VV_application\BLE单片机\CH573EVT\EVT\EXAM\BLE\LIB\libCH57xBLE.a(tmos_hw.o)
                              E:\VV_application\BLE单片机\CH573EVT\EVT\EXAM\BLE\LIB\libCH57xBLE.a(tmos.o) (RTC_Get32KClock)
E:\VV_application\BLE单片机\CH573EVT\EVT\EXAM\BLE\LIB\libCH57xBLE.a(tmos_snv.o)
                              E:\VV_application\BLE单片机\CH573EVT\EVT\EXAM\BLE\LIB\libCH57xBLE.a(tmos.o) (tmos_snv_init)
E:\VV_application\BLE单片机\CH573EVT\EVT\EXAM\BLE\LIB\libCH57xBLE.a(att.o)
                              ./APP/peripheral.o (ATT_GetMTU)
E:\VV_application\BLE单片机\CH573EVT\EVT\EXAM\BLE\LIB\libCH57xBLE.a(att_client.o)
                              E:\VV_application\BLE单片机\CH573EVT\EVT\EXAM\BLE\LIB\libCH57xBLE.a(att.o) (ATT_HandleValueConfirmation)
E:\VV_application\BLE单片机\CH573EVT\EVT\EXAM\BLE\LIB\libCH57xBLE.a(gap.o)
                              ./APP/peripheral.o (GAP_SetParamValue)
E:\VV_application\BLE单片机\CH573EVT\EVT\EXAM\BLE\LIB\libCH57xBLE.a(gap_central.o)
                              E:\VV_application\BLE单片机\CH573EVT\EVT\EXAM\BLE\LIB\libCH57xBLE.a(gap.o) (GAP_CentralParamInit)
E:\VV_application\BLE单片机\CH573EVT\EVT\EXAM\BLE\LIB\libCH57xBLE.a(gap_peripheral.o)
                              E:\VV_application\BLE单片机\CH573EVT\EVT\EXAM\BLE\LIB\libCH57xBLE.a(gap.o) (GAP_PeripheralParamInit)
E:\VV_application\BLE单片机\CH573EVT\EVT\EXAM\BLE\LIB\libCH57xBLE.a(gapgattserver.o)
                              ./APP/peripheral.o (GGS_SetParameter)
E:\VV_application\BLE单片机\CH573EVT\EVT\EXAM\BLE\LIB\libCH57xBLE.a(gatt.o)
                              ./APP/peripheral.o (GATT_bm_alloc)
E:\VV_application\BLE单片机\CH573EVT\EVT\EXAM\BLE\LIB\libCH57xBLE.a(gatt_uuid.o)
                              E:\VV_application\BLE单片机\CH573EVT\EVT\EXAM\BLE\LIB\libCH57xBLE.a(gatt.o) (serviceChangedUUID)
E:\VV_application\BLE单片机\CH573EVT\EVT\EXAM\BLE\LIB\libCH57xBLE.a(gattclientapp.o)
                              E:\VV_application\BLE单片机\CH573EVT\EVT\EXAM\BLE\LIB\libCH57xBLE.a(gatt.o) (gattGetClientStatus)
E:\VV_application\BLE单片机\CH573EVT\EVT\EXAM\BLE\LIB\libCH57xBLE.a(gattservapp.o)
                              ./Profile/gattprofile.o (GATTServApp_ReadCharCfg)
E:\VV_application\BLE单片机\CH573EVT\EVT\EXAM\BLE\LIB\libCH57xBLE.a(l2cap.o)
                              E:\VV_application\BLE单片机\CH573EVT\EVT\EXAM\BLE\LIB\libCH57xBLE.a(att.o) (L2CAP_GetMTU)
E:\VV_application\BLE单片机\CH573EVT\EVT\EXAM\BLE\LIB\libCH57xBLE.a(l2cap_input.o)
                              E:\VV_application\BLE单片机\CH573EVT\EVT\EXAM\BLE\LIB\libCH57xBLE.a(l2cap.o) (l2capProcessRxData)
E:\VV_application\BLE单片机\CH573EVT\EVT\EXAM\BLE\LIB\libCH57xBLE.a(l2cap_output.o)
                              E:\VV_application\BLE单片机\CH573EVT\EVT\EXAM\BLE\LIB\libCH57xBLE.a(l2cap_input.o) (l2capNotifyData)
E:\VV_application\BLE单片机\CH573EVT\EVT\EXAM\BLE\LIB\libCH57xBLE.a(l2cap_sdu.o)
                              E:\VV_application\BLE单片机\CH573EVT\EVT\EXAM\BLE\LIB\libCH57xBLE.a(l2cap_input.o) (l2capBuildDisconnectRsp)
E:\VV_application\BLE单片机\CH573EVT\EVT\EXAM\BLE\LIB\libCH57xBLE.a(linkdb.o)
                              E:\VV_application\BLE单片机\CH573EVT\EVT\EXAM\BLE\LIB\libCH57xBLE.a(l2cap.o) (linkDB_Init)
E:\VV_application\BLE单片机\CH573EVT\EVT\EXAM\BLE\LIB\libCH57xBLE.a(sm.o)
                              E:\VV_application\BLE单片机\CH573EVT\EVT\EXAM\BLE\LIB\libCH57xBLE.a(gap.o) (smStartEncryption)
E:\VV_application\BLE单片机\CH573EVT\EVT\EXAM\BLE\LIB\libCH57xBLE.a(host_input.o)
                              E:\VV_application\BLE单片机\CH573EVT\EVT\EXAM\BLE\LIB\libCH57xBLE.a(gap.o) (gBleHostPara)
E:\VV_application\BLE单片机\CH573EVT\EVT\EXAM\BLE\LIB\libCH57xBLE.a(host_output.o)
                              E:\VV_application\BLE单片机\CH573EVT\EVT\EXAM\BLE\LIB\libCH57xBLE.a(gap.o) (HCI_DisconnectCmd)
E:\VV_application\BLE单片机\CH573EVT\EVT\EXAM\BLE\LIB\libCH57xBLE.a(ll.o)
                              E:\VV_application\BLE单片机\CH573EVT\EVT\EXAM\BLE\LIB\libCH57xBLE.a(tmos.o) (DTM_Rx)
E:\VV_application\BLE单片机\CH573EVT\EVT\EXAM\BLE\LIB\libCH57xBLE.a(ll_advertise.o)
                              E:\VV_application\BLE单片机\CH573EVT\EVT\EXAM\BLE\LIB\libCH57xBLE.a(ll.o) (LL_AdvertiseDirectTimeout)
E:\VV_application\BLE单片机\CH573EVT\EVT\EXAM\BLE\LIB\libCH57xBLE.a(ll_connect.o)
                              E:\VV_application\BLE单片机\CH573EVT\EVT\EXAM\BLE\LIB\libCH57xBLE.a(tmos.o) (LL_GetNextConnectEventTime)
[...]
Memory Configuration

Name             Origin             Length             Attributes
FLASH            0x0000000000000000 0x0000000000070000 xr
RAM              0x0000000020003800 0x0000000000004800 xrw
*default*        0x0000000000000000 0xffffffffffffffff

Linker script and memory map

LOAD ./StdPeriphDriver/CH57x_adc.o
LOAD ./StdPeriphDriver/CH57x_clk.o
LOAD ./StdPeriphDriver/CH57x_flash.o
LOAD ./StdPeriphDriver/CH57x_gpio.o
LOAD ./StdPeriphDriver/CH57x_pwr.o
LOAD ./StdPeriphDriver/CH57x_sys.o
LOAD ./StdPeriphDriver/CH57x_timer0.o
LOAD ./StdPeriphDriver/CH57x_uart1.o
LOAD ./StdPeriphDriver/CH57x_uart3.o
LOAD ./Startup/startup_CH573.o
LOAD ./RVMSIS/core_riscv.o
LOAD ./Profile/devinfoservice.o
LOAD ./Profile/gattprofile.o
LOAD ./HAL/MCU.o
LOAD ./HAL/RTC.o
LOAD ./HAL/SLEEP.o
LOAD ./APP/ble_uart_service/ble_uart_service_16bit.o
LOAD ./APP/app_drv_fifo/app_drv_fifo.o
LOAD ./APP/peripheral.o
LOAD ./APP/peripheral_main.o
LOAD E:\VV_application\BLE单片机\CH573EVT\EVT\EXAM\SRC\StdPeriphDriver\libISP573.a
LOAD E:\VV_application\BLE单片机\CH573EVT\EVT\EXAM\BLE\LIB\libCH57xBLE.a
LOAD d:/mounriver/mounriver_studio/toolchain/risc-v embedded gcc/bin/../lib/gcc/riscv-none-embed/8.2.0/rv32imac/ilp32\libgcc.a
LOAD d:/mounriver/mounriver_studio/toolchain/risc-v embedded gcc/bin/../lib/gcc/riscv-none-embed/8.2.0/../../../../riscv-none-embed/lib/rv32imac/ilp32\libg_nano.a
LOAD d:/mounriver/mounriver_studio/toolchain/risc-v embedded gcc/bin/../lib/gcc/riscv-none-embed/8.2.0/../../../../riscv-none-embed/lib/rv32imac/ilp32\libc_nano.a
LOAD d:/mounriver/mounriver_studio/toolchain/risc-v embedded gcc/bin/../lib/gcc/riscv-none-embed/8.2.0/rv32imac/ilp32\libgcc.a
START GROUP
LOAD d:/mounriver/mounriver_studio/toolchain/risc-v embedded gcc/bin/../lib/gcc/riscv-none-embed/8.2.0/rv32imac/ilp32\libgcc.a
LOAD d:/mounriver/mounriver_studio/toolchain/risc-v embedded gcc/bin/../lib/gcc/riscv-none-embed/8.2.0/../../../../riscv-none-embed/lib/rv32imac/ilp32\libc_nano.a
LOAD d:/mounriver/mounriver_studio/toolchain/risc-v embedded gcc/bin/../lib/gcc/riscv-none-embed/8.2.0/../../../../riscv-none-embed/lib/rv32imac/ilp32\libnosys.a
END GROUP
START GROUP
LOAD d:/mounriver/mounriver_studio/toolchain/risc-v embedded gcc/bin/../lib/gcc/riscv-none-embed/8.2.0/rv32imac/ilp32\libgcc.a
LOAD d:/mounriver/mounriver_studio/toolchain/risc-v embedded gcc/bin/../lib/gcc/riscv-none-embed/8.2.0/../../../../riscv-none-embed/lib/rv32imac/ilp32\libc_nano.a
LOAD d:/mounriver/mounriver_studio/toolchain/risc-v embedded gcc/bin/../lib/gcc/riscv-none-embed/8.2.0/../../../../riscv-none-embed/lib/rv32imac/ilp32\libnosys.a
END GROUP

.init           0x0000000000000000        0x4
                0x0000000000000000                _sinit = .
                0x0000000000000000                . = ALIGN (0x4)
 *(SORT_NONE(.init))
 .init          0x0000000000000000        0x4 ./Startup/startup_CH573.o
                0x0000000000000000                _start
                0x0000000000000004                . = ALIGN (0x4)
                0x0000000000000004                _einit = .

.highcodelalign
                0x0000000000000004        0x0
                0x0000000000000004                . = ALIGN (0x4)
                0x0000000000000004                PROVIDE (_highcode_lma = .)

.highcode       0x0000000020003800     0x1114 load address 0x0000000000000004
                0x0000000020003800                . = ALIGN (0x4)
                0x0000000020003800                PROVIDE (_highcode_vma_start = .)
 *(.vector)
 .vector        0x0000000020003800       0x90 ./Startup/startup_CH573.o
 *(SORT_NONE(.vector_handler))
 .vector_handler
                0x0000000020003890       0x2c ./Startup/startup_CH573.o
                0x0000000020003890                NMI_Handler
                0x0000000020003894                SysTick_Handler
                0x0000000020003896                SW_Handler
                0x000000002000389a                GPIOA_IRQHandler
                0x000000002000389c                GPIOB_IRQHandler
                0x000000002000389e                SPI0_IRQHandler
                0x00000000200038a0                BB_IRQHandler
                0x00000000200038a2                LLE_IRQHandler
                0x00000000200038a4                USB_IRQHandler
                0x00000000200038a6                TMR1_IRQHandler
                0x00000000200038a8                TMR2_IRQHandler
                0x00000000200038aa                UART0_IRQHandler
                0x00000000200038ac                UART1_IRQHandler
                0x00000000200038b0                ADC_IRQHandler
                0x00000000200038b2                PWMX_IRQHandler
                0x00000000200038b4                TMR3_IRQHandler
                0x00000000200038b6                UART2_IRQHandler
                0x00000000200038ba                WDOG_BAT_IRQHandler
 *(.highcode)
 .highcode      0x00000000200038bc      0x19c ./StdPeriphDriver/CH57x_sys.o
                0x00000000200038bc                SetSysClock
                0x00000000200039b4                SYS_ResetExecute
                0x00000000200039ec                HardFault_Handler
                0x0000000020003a22                mDelayuS
                0x0000000020003a30                mDelaymS
 .highcode      0x0000000020003a58       0x16 ./HAL/RTC.o
                0x0000000020003a58                RTC_IRQHandler
 .highcode      0x0000000020003a6e       0x6a ./APP/peripheral.o
                0x0000000020003a6e                UART3_IRQHandler
 .highcode      0x0000000020003ad8       0x90 ./APP/peripheral_main.o
                0x0000000020003ad8                Main_Circulation
                0x0000000020003aec                TMR0_IRQHandler
 .highcode      0x0000000020003b68      0x3c8 E:\VV_application\BLE单片机\CH573EVT\EVT\EXAM\SRC\StdPeriphDriver\libISP573.a(ISP573.o)
                0x0000000020003c22                FLASH_EEPROM_CMD
 .highcode      0x0000000020003f30      0x1c6 E:\VV_application\BLE单片机\CH573EVT\EVT\EXAM\BLE\LIB\libCH57xBLE.a(tmos.o)
                0x0000000020003f50                tmos_memcpy
                0x0000000020003f70                tmos_memcpy_word
                0x0000000020003f8c                TMOS_SystemProcess
 .highcode      0x00000000200040f6       0x5a E:\VV_application\BLE单片机\CH573EVT\EVT\EXAM\BLE\LIB\libCH57xBLE.a(tmos_hw.o)
                0x00000000200040f6                BLE_GetHSEClock
                0x0000000020004138                RTC_Get32KClock
 .highcode      0x0000000020004150      0x1a2 E:\VV_application\BLE单片机\CH573EVT\EVT\EXAM\BLE\LIB\libCH57xBLE.a(ll_connect.o)
                0x0000000020004150                ll_connect_recv_data
                0x0000000020004230                ll_connect_event_continue
 .highcode      0x00000000200042f2      0x14c E:\VV_application\BLE单片机\CH573EVT\EVT\EXAM\BLE\LIB\libCH57xBLE.a(bb.o)
                0x00000000200042f2                BB_RAM_IRQHandler
 .highcode      0x000000002000443e      0x15a E:\VV_application\BLE单片机\CH573EVT\EVT\EXAM\BLE\LIB\libCH57xBLE.a(ip.o)
                0x000000002000443e                ll_tx_wait_pkt_recv
                0x0000000020004470                ll_tx_set_wait_finish
                0x000000002000447c                ll_tx_wait_tx_dma
                0x00000000200044ba                ll_rx_wait_pkt_recv
                0x00000000200044ec                ll_rx_wait_tx_dma
                0x0000000020004526                ble_ll_chkcrc
 .highcode      0x0000000020004598      0x178 E:\VV_application\BLE单片机\CH573EVT\EVT\EXAM\BLE\LIB\libCH57xBLE.a(lle.o)
                0x0000000020004598                LLE_RAM_IRQHandler
 .highcode      0x0000000020004710       0x7a E:\VV_application\BLE单片机\CH573EVT\EVT\EXAM\BLE\LIB\libCH57xBLE.a(rf_fh.o)
                0x0000000020004710                RF_HopGetChannel
 .highcode      0x000000002000478a       0x2c E:\VV_application\BLE单片机\CH573EVT\EVT\EXAM\BLE\LIB\libCH57xBLE.a(rfend.o)
                0x000000002000478a                RFEND_WaitTune
 .highcode      0x00000000200047b6      0x15c E:\VV_application\BLE单片机\CH573EVT\EVT\EXAM\BLE\LIB\libCH57xBLE.a(memory.o)
                0x00000000200047b6                tmos_memory_allocate
                0x0000000020004872                tmos_memory_free
 *(.highcode.*)
                0x0000000020004914                . = ALIGN (0x4)
 *fill*         0x0000000020004912        0x2 
                0x0000000020004914                PROVIDE (_highcode_vma_end = .)

.text           0x0000000000001118    0x1b5f8
                0x0000000000001118                . = ALIGN (0x4)
 *(SORT_NONE(.handle_reset))
 .handle_reset  0x0000000000001118       0xa2 ./Startup/startup_CH573.o
                0x0000000000001118                handle_reset
 *(.text)
 .text          0x00000000000011ba       0xa8 d:/mounriver/mounriver_studio/toolchain/risc-v embedded gcc/bin/../lib/gcc/riscv-none-embed/8.2.0/../../../../riscv-none-embed/lib/rv32imac/ilp32\libg_nano.a(lib_a-memset.o)
                0x00000000000011ba                memset
 *(.text.*)
 .text.ADC_DataCalib_Rough
                0x0000000000001262       0x94 ./StdPeriphDriver/CH57x_adc.o
                0x0000000000001262                ADC_DataCalib_Rough
 .text.ADC_InterTSSampInit
                0x00000000000012f6       0x28 ./StdPeriphDriver/CH57x_adc.o
                0x00000000000012f6                ADC_InterTSSampInit
 .text.RTC_InitTime
                0x000000000000131e      0x134 ./StdPeriphDriver/CH57x_clk.o
                0x000000000000131e                RTC_InitTime
 .text.GPIOA_ModeCfg
                0x0000000000001452       0xa6 ./StdPeriphDriver/CH57x_gpio.o
                0x0000000000001452                GPIOA_ModeCfg
 .text.GPIOB_ModeCfg
                0x00000000000014f8       0xa6 ./StdPeriphDriver/CH57x_gpio.o
                0x00000000000014f8                GPIOB_ModeCfg
 .text.GetSysClock
                0x000000000000159e       0x42 ./StdPeriphDriver/CH57x_sys.o
                0x000000000000159e                GetSysClock
 .text.SYS_DisableAllIrq
                0x00000000000015e0       0x1c ./StdPeriphDriver/CH57x_sys.o
                0x00000000000015e0                SYS_DisableAllIrq
 .text.SYS_RecoverIrq
                0x00000000000015fc       0x14 ./StdPeriphDriver/CH57x_sys.o
                0x00000000000015fc                SYS_RecoverIrq
 .text.SYS_GetSysTickCnt
                0x0000000000001610        0xa ./StdPeriphDriver/CH57x_sys.o
                0x0000000000001610                SYS_GetSysTickCnt
 .text._write   0x000000000000161a       0x28 ./StdPeriphDriver/CH57x_sys.o
                0x000000000000161a                _write
 .text.TMR0_TimerInit
                0x0000000000001642       0x14 ./StdPeriphDriver/CH57x_timer0.o
                0x0000000000001642                TMR0_TimerInit
 .text.UART1_BaudRateCfg
                0x0000000000001656       0x30 ./StdPeriphDriver/CH57x_uart1.o
                0x0000000000001656                UART1_BaudRateCfg
 .text.UART1_DefInit
                0x0000000000001686       0x32 ./StdPeriphDriver/CH57x_uart1.o
                0x0000000000001686                UART1_DefInit
 .text.UART3_BaudRateCfg
                0x00000000000016b8       0x30 ./StdPeriphDriver/CH57x_uart3.o
                0x00000000000016b8                UART3_BaudRateCfg
 .text.UART3_DefInit
                0x00000000000016e8       0x32 ./StdPeriphDriver/CH57x_uart3.o
                0x00000000000016e8                UART3_DefInit
 .text.UART3_INTCfg
                0x000000000000171a       0x2a ./StdPeriphDriver/CH57x_uart3.o
                0x000000000000171a                UART3_INTCfg
 .text.devInfo_ReadAttrCB
                0x0000000000001744      0x196 ./Profile/devinfoservice.o
 .text.DevInfo_AddService
                0x00000000000018da       0x18 ./Profile/devinfoservice.o
                0x00000000000018da                DevInfo_AddService
 .text.Lib_Read_Flash
                0x00000000000018f2       0x1c ./HAL/MCU.o
                0x00000000000018f2                Lib_Read_Flash
 .text.Lib_Write_Flash
                0x000000000000190e       0x42 ./HAL/MCU.o
                0x000000000000190e                Lib_Write_Flash
 .text.HAL_GetInterTempValue
                0x0000000000001950       0x70 ./HAL/MCU.o
                0x0000000000001950                HAL_GetInterTempValue
 .text.HAL_ProcessEvent
                0x00000000000019c0       0x7c ./HAL/MCU.o
                0x00000000000019c0                HAL_ProcessEvent
 .text.CH57X_BLEInit
                0x0000000000001a3c      0x12c ./HAL/MCU.o
                0x0000000000001a3c                CH57X_BLEInit
 .text.HAL_Init
                0x0000000000001b68       0x34 ./HAL/MCU.o
                0x0000000000001b68                HAL_Init
 .text.HAL_TimeInit
                0x0000000000001b9c       0x44 ./HAL/RTC.o
                0x0000000000001b9c                HAL_TimeInit
 .text.ble_uart_WriteAttrCB
                0x0000000000001be0       0xba ./APP/ble_uart_service/ble_uart_service_16bit.o
 .text.ble_uart_ReadAttrCB
                0x0000000000001c9a       0x6e ./APP/ble_uart_service/ble_uart_service_16bit.o
 .text.ble_uart_HandleConnStatusCB
                0x0000000000001d08       0x3e ./APP/ble_uart_service/ble_uart_service_16bit.o
 .text.ble_uart_add_service
                0x0000000000001d46       0x5a ./APP/ble_uart_service/ble_uart_service_16bit.o
                0x0000000000001d46                ble_uart_add_service
 .text.ble_uart_notify_is_ready
                0x0000000000001da0       0x18 ./APP/ble_uart_service/ble_uart_service_16bit.o
                0x0000000000001da0                ble_uart_notify_is_ready
 .text.ble_uart_notify
                0x0000000000001db8       0x46 ./APP/ble_uart_service/ble_uart_service_16bit.o
                0x0000000000001db8                ble_uart_notify
 .text.app_drv_fifo_length
                0x0000000000001dfe       0x12 ./APP/app_drv_fifo/app_drv_fifo.o
                0x0000000000001dfe                app_drv_fifo_length
 .text.app_drv_fifo_init
                0x0000000000001e10       0x26 ./APP/app_drv_fifo/app_drv_fifo.o
                0x0000000000001e10                app_drv_fifo_init
 .text.app_drv_fifo_flush
                0x0000000000001e36        0x6 ./APP/app_drv_fifo/app_drv_fifo.o
                0x0000000000001e36                app_drv_fifo_flush
 .text.app_drv_fifo_write
                0x0000000000001e3c       0x72 ./APP/app_drv_fifo/app_drv_fifo.o
                0x0000000000001e3c                app_drv_fifo_write
 .text.app_drv_fifo_write_from_same_addr
                0x0000000000001eae       0x60 ./APP/app_drv_fifo/app_drv_fifo.o
                0x0000000000001eae                app_drv_fifo_write_from_same_addr
 .text.app_drv_fifo_read
                0x0000000000001f0e       0x62 ./APP/app_drv_fifo/app_drv_fifo.o
                0x0000000000001f0e                app_drv_fifo_read
 .text.app_drv_fifo_read_to_same_addr
                0x0000000000001f70       0x4e ./APP/app_drv_fifo/app_drv_fifo.o
                0x0000000000001f70                app_drv_fifo_read_to_same_addr
 .text.peripheralRssiCB
                0x0000000000001fbe       0x12 ./APP/peripheral.o
 .text.peripheralParamUpdateCB
                0x0000000000001fd0       0x30 ./APP/peripheral.o
 .text.Peripheral_LinkTerminated
                0x0000000000002000       0x44 ./APP/peripheral.o
 .text.Peripheral_ProcessEvent
                0x0000000000002044      0x1f4 ./APP/peripheral.o
                0x0000000000002044                Peripheral_ProcessEvent
 .text.peripheralStateNotificationCB
                0x0000000000002238      0x12a ./APP/peripheral.o
 .text.app_uart_process
                0x0000000000002362       0x50 ./APP/peripheral.o
                0x0000000000002362                app_uart_process
 .text.app_uart_init
                0x00000000000023b2       0x74 ./APP/peripheral.o
                0x00000000000023b2                app_uart_init
 .text.app_uart_tx_data
                0x0000000000002426       0x1c ./APP/peripheral.o
                0x0000000000002426                app_uart_tx_data
 .text.on_bleuartServiceEvt
                0x0000000000002442       0x80 ./APP/peripheral.o
                0x0000000000002442                on_bleuartServiceEvt
 .text.Peripheral_Init
                0x00000000000024c2      0x134 ./APP/peripheral.o
                0x00000000000024c2                Peripheral_Init
 .text.outbit1  0x00000000000025f6       0x52 ./APP/peripheral_main.o
                0x00000000000025f6                outbit1
 .text.outbit0  0x0000000000002648       0x56 ./APP/peripheral_main.o
                0x0000000000002648                outbit0
 .text.task2    0x000000000000269e      0x20e ./APP/peripheral_main.o
                0x000000000000269e                task2
 .text.startup.main
                0x00000000000028ac       0x9c ./APP/peripheral_main.o
                0x00000000000028ac                main
 .text.tmos_msg_enqueue
                0x0000000000002948       0x1a E:\VV_application\BLE单片机\CH573EVT\EVT\EXAM\BLE\LIB\libCH57xBLE.a(message.o)
                0x0000000000002948                tmos_msg_enqueue
 .text.tmos_msg_deallocate
                0x0000000000002962       0x2c E:\VV_application\BLE单片机\CH573EVT\EVT\EXAM\BLE\LIB\libCH57xBLE.a(message.o)
                0x0000000000002962                tmos_msg_deallocate
 .text.tmos_msg_allocate
                0x000000000000298e       0x3e E:\VV_application\BLE单片机\CH573EVT\EVT\EXAM\BLE\LIB\libCH57xBLE.a(message.o)
                0x000000000000298e                tmos_msg_allocate
 .text.tmos_msg_receive
                0x00000000000029cc       0x6a E:\VV_application\BLE单片机\CH573EVT\EVT\EXAM\BLE\LIB\libCH57xBLE.a(message.o)
                0x00000000000029cc                tmos_msg_receive
 .text.tmos_msg_send
                0x0000000000002a36       0x52 E:\VV_application\BLE单片机\CH573EVT\EVT\EXAM\BLE\LIB\libCH57xBLE.a(message.o)
                0x0000000000002a36                tmos_msg_send
 .text.tmos_msg_init
                0x0000000000002a88        0x6 E:\VV_application\BLE单片机\CH573EVT\EVT\EXAM\BLE\LIB\libCH57xBLE.a(message.o)
                0x0000000000002a88                tmos_msg_init
 .text.tmosFindTask
                0x0000000000002a8e       0x20 E:\VV_application\BLE单片机\CH573EVT\EVT\EXAM\BLE\LIB\libCH57xBLE.a(tmos.o)
 .text.TMOS_CbTimerProcessEvent
                0x0000000000002aae       0x7c E:\VV_application\BLE单片机\CH573EVT\EVT\EXAM\BLE\LIB\libCH57xBLE.a(tmos.o)
                0x0000000000002aae                TMOS_CbTimerProcessEvent
 .text.tmos_rand
                0x0000000000002b2a       0x4c E:\VV_application\BLE单片机\CH573EVT\EVT\EXAM\BLE\LIB\libCH57xBLE.a(tmos.o)
                0x0000000000002b2a                tmos_rand
 .text.tmos_memset
                0x0000000000002b76       0x12 E:\VV_application\BLE单片机\CH573EVT\EVT\EXAM\BLE\LIB\libCH57xBLE.a(tmos.o)
                0x0000000000002b76                tmos_memset
 .text.tmos_strlen
                0x0000000000002b88       0x14 E:\VV_application\BLE单片机\CH573EVT\EVT\EXAM\BLE\LIB\libCH57xBLE.a(tmos.o)
                0x0000000000002b88                tmos_strlen
 .text.tmos_memdup
                0x0000000000002b9c       0x3c E:\VV_application\BLE单片机\CH573EVT\EVT\EXAM\BLE\LIB\libCH57xBLE.a(tmos.o)
                0x0000000000002b9c                tmos_memdup
 .text.tmos_memcmp
                0x0000000000002bd8       0x24 E:\VV_application\BLE单片机\CH573EVT\EVT\EXAM\BLE\LIB\libCH57xBLE.a(tmos.o)
                0x0000000000002bd8                tmos_memcmp
 .text.tmos_revmemcpy
                0x0000000000002bfc       0x1c E:\VV_application\BLE单片机\CH573EVT\EVT\EXAM\BLE\LIB\libCH57xBLE.a(tmos.o)
                0x0000000000002bfc                tmos_revmemcpy
 .text.tmos_isbufset
                0x0000000000002c18       0x1e E:\VV_application\BLE单片机\CH573EVT\EVT\EXAM\BLE\LIB\libCH57xBLE.a(tmos.o)
                0x0000000000002c18                tmos_isbufset
 .text.tmos_set_event
                0x0000000000002c36       0x26 E:\VV_application\BLE单片机\CH573EVT\EVT\EXAM\BLE\LIB\libCH57xBLE.a(tmos.o)
                0x0000000000002c36                tmos_set_event
 .text.tmos_query_system_time
                0x0000000000002c5c      0x2dc E:\VV_application\BLE单片机\CH573EVT\EVT\EXAM\BLE\LIB\libCH57xBLE.a(tmos.o)
                0x0000000000002c5c                tmos_query_system_time
 .text.tmos_clear_event
                0x0000000000002f38       0x2a E:\VV_application\BLE单片机\CH573EVT\EVT\EXAM\BLE\LIB\libCH57xBLE.a(tmos.o)
                0x0000000000002f38                tmos_clear_event
 .text.tmos_start_task
                0x0000000000002f62       0x88 E:\VV_application\BLE单片机\CH573EVT\EVT\EXAM\BLE\LIB\libCH57xBLE.a(tmos.o)
                0x0000000000002f62                tmos_start_task
 .text.tmos_start_callback_task
                0x0000000000002fea       0xac E:\VV_application\BLE单片机\CH573EVT\EVT\EXAM\BLE\LIB\libCH57xBLE.a(tmos.o)
                0x0000000000002fea                tmos_start_callback_task
 .text.tmos_start_reload_task
                0x0000000000003096       0x30 E:\VV_application\BLE单片机\CH573EVT\EVT\EXAM\BLE\LIB\libCH57xBLE.a(tmos.o)
                0x0000000000003096                tmos_start_reload_task
 .text.tmos_stop_task
                0x00000000000030c6       0x32 E:\VV_application\BLE单片机\CH573EVT\EVT\EXAM\BLE\LIB\libCH57xBLE.a(tmos.o)
                0x00000000000030c6                tmos_stop_task
 .text.tmos_stop_callback_task
                0x00000000000030f8       0x5c E:\VV_application\BLE单片机\CH573EVT\EVT\EXAM\BLE\LIB\libCH57xBLE.a(tmos.o)
                0x00000000000030f8                tmos_stop_callback_task
 .text.tmos_get_task_timer
                0x0000000000003154       0x16 E:\VV_application\BLE单片机\CH573EVT\EVT\EXAM\BLE\LIB\libCH57xBLE.a(tmos.o)
                0x0000000000003154                tmos_get_task_timer
 .text.tmos_update_callback_timer
                0x000000000000316a       0x62 E:\VV_application\BLE单片机\CH573EVT\EVT\EXAM\BLE\LIB\libCH57xBLE.a(tmos.o)
                0x000000000000316a                tmos_update_callback_timer
 .text.TMOS_TimerRegister
                0x00000000000031cc       0x16 E:\VV_application\BLE单片机\CH573EVT\EVT\EXAM\BLE\LIB\libCH57xBLE.a(tmos.o)
                0x00000000000031cc                TMOS_TimerRegister
 .text.TMOS_ProcessRegister
                0x00000000000031e2       0x12 E:\VV_application\BLE单片机\CH573EVT\EVT\EXAM\BLE\LIB\libCH57xBLE.a(tmos.o)
                0x00000000000031e2                TMOS_ProcessRegister
 .text.TMOS_Init
                0x00000000000031f4       0xb6 E:\VV_application\BLE单片机\CH573EVT\EVT\EXAM\BLE\LIB\libCH57xBLE.a(tmos.o)
                0x00000000000031f4                TMOS_Init
 .text.TMOS_ProcessEventRegister
                0x00000000000032aa       0x2c E:\VV_application\BLE单片机\CH573EVT\EVT\EXAM\BLE\LIB\libCH57xBLE.a(tmos.o)
                0x00000000000032aa                TMOS_ProcessEventRegister
 .text.BLE_LibInit
                0x00000000000032d6      0x11e E:\VV_application\BLE单片机\CH573EVT\EVT\EXAM\BLE\LIB\libCH57xBLE.a(tmos.o)
                0x00000000000032d6                BLE_LibInit
 .text.SYS_GetTickCount
                0x00000000000033f4       0x66 E:\VV_application\BLE单片机\CH573EVT\EVT\EXAM\BLE\LIB\libCH57xBLE.a(tmos_hw.o)
                0x00000000000033f4                SYS_GetTickCount
 .text.ble_ll_common_rand8
                0x000000000000345a       0x24 E:\VV_application\BLE单片机\CH573EVT\EVT\EXAM\BLE\LIB\libCH57xBLE.a(tmos_hw.o)
                0x000000000000345a                ble_ll_common_rand8
 .text.ble_ll_common_rand16
                0x000000000000347e       0x24 E:\VV_application\BLE单片机\CH573EVT\EVT\EXAM\BLE\LIB\libCH57xBLE.a(tmos_hw.o)
                0x000000000000347e                ble_ll_common_rand16
 .text.ble_ll_common_rand32
                0x00000000000034a2       0x20 E:\VV_application\BLE单片机\CH573EVT\EVT\EXAM\BLE\LIB\libCH57xBLE.a(tmos_hw.o)
                0x00000000000034a2                ble_ll_common_rand32
 .text.ll_hw_temp_sample
                0x00000000000034c2       0x98 E:\VV_application\BLE单片机\CH573EVT\EVT\EXAM\BLE\LIB\libCH57xBLE.a(tmos_hw.o)
                0x00000000000034c2                ll_hw_temp_sample
 .text.TMOS_TimerInit
                0x000000000000355a       0x50 E:\VV_application\BLE单片机\CH573EVT\EVT\EXAM\BLE\LIB\libCH57xBLE.a(tmos_hw.o)
                0x000000000000355a                TMOS_TimerInit
 .text.tmos_snv_init
                0x00000000000035aa       0x96 E:\VV_application\BLE单片机\CH573EVT\EVT\EXAM\BLE\LIB\libCH57xBLE.a(tmos_snv.o)
                0x00000000000035aa                tmos_snv_init
 .text.tmos_snv_clear
                0x0000000000003640       0x88 E:\VV_application\BLE单片机\CH573EVT\EVT\EXAM\BLE\LIB\libCH57xBLE.a(tmos_snv.o)
                0x0000000000003640                tmos_snv_clear
 .text.tmos_snv_read
                0x00000000000036c8       0xd6 E:\VV_application\BLE单片机\CH573EVT\EVT\EXAM\BLE\LIB\libCH57xBLE.a(tmos_snv.o)
                0x00000000000036c8                tmos_snv_read
 .text.tmos_snv_notify
                0x000000000000379e       0x4a E:\VV_application\BLE单片机\CH573EVT\EVT\EXAM\BLE\LIB\libCH57xBLE.a(tmos_snv.o)
                0x000000000000379e                tmos_snv_notify
 .text.tmos_snv_write
                0x00000000000037e8       0xf6 E:\VV_application\BLE单片机\CH573EVT\EVT\EXAM\BLE\LIB\libCH57xBLE.a(tmos_snv.o)
                0x00000000000037e8                tmos_snv_write
 .text.tmos_snv_compact
                0x00000000000038de        0x4 E:\VV_application\BLE单片机\CH573EVT\EVT\EXAM\BLE\LIB\libCH57xBLE.a(tmos_snv.o)
                0x00000000000038de                tmos_snv_compact
 .text.ATT_BuildErrorRsp
                0x00000000000038e2       0x26 E:\VV_application\BLE单片机\CH573EVT\EVT\EXAM\BLE\LIB\libCH57xBLE.a(att.o)
                0x00000000000038e2                ATT_BuildErrorRsp
 .text.ATT_ParamInit
                0x0000000000003908        0xa E:\VV_application\BLE单片机\CH573EVT\EVT\EXAM\BLE\LIB\libCH57xBLE.a(att.o)
                0x0000000000003908                ATT_ParamInit
 .text.ATT_ConvertUUIDto128
                0x0000000000003912       0x46 E:\VV_application\BLE单片机\CH573EVT\EVT\EXAM\BLE\LIB\libCH57xBLE.a(att.o)
                0x0000000000003912                ATT_ConvertUUIDto128
 .text.ATT_CompareUUID
                0x0000000000003958       0x62 E:\VV_application\BLE单片机\CH573EVT\EVT\EXAM\BLE\LIB\libCH57xBLE.a(att.o)
                0x0000000000003958                ATT_CompareUUID
 .text.ATT_RegisterServer
                0x00000000000039ba        0x6 E:\VV_application\BLE单片机\CH573EVT\EVT\EXAM\BLE\LIB\libCH57xBLE.a(att.o)
                0x00000000000039ba                ATT_RegisterServer
 .text.ATT_ParsePacket
                0x00000000000039c0       0x94 E:\VV_application\BLE单片机\CH573EVT\EVT\EXAM\BLE\LIB\libCH57xBLE.a(att.o)
                0x00000000000039c0                ATT_ParsePacket
 .text.ATT_UpdateMTU
                0x0000000000003a54       0x3c E:\VV_application\BLE单片机\CH573EVT\EVT\EXAM\BLE\LIB\libCH57xBLE.a(att.o)
                0x0000000000003a54                ATT_UpdateMTU
 .text.ATT_GetMTU
                0x0000000000003a90       0x1e E:\VV_application\BLE单片机\CH573EVT\EVT\EXAM\BLE\LIB\libCH57xBLE.a(att.o)
                0x0000000000003a90                ATT_GetMTU
 .text.attSendMsg
                0x0000000000003aae       0xb6 E:\VV_application\BLE单片机\CH573EVT\EVT\EXAM\BLE\LIB\libCH57xBLE.a(att.o)
                0x0000000000003aae                attSendMsg
 .text.attSendRspMsg
                0x0000000000003b64       0x46 E:\VV_application\BLE单片机\CH573EVT\EVT\EXAM\BLE\LIB\libCH57xBLE.a(att.o)
                0x0000000000003b64                attSendRspMsg
 .text.ATT_ErrorRsp
                0x0000000000003baa       0x10 E:\VV_application\BLE单片机\CH573EVT\EVT\EXAM\BLE\LIB\libCH57xBLE.a(att.o)
                0x0000000000003baa                ATT_ErrorRsp
 .text.disconnectNext
                0x0000000000003bba       0x22 E:\VV_application\BLE单片机\CH573EVT\EVT\EXAM\BLE\LIB\libCH57xBLE.a(gap.o)
 .text.GAP_ParamInit
                0x0000000000003bdc       0x7c E:\VV_application\BLE单片机\CH573EVT\EVT\EXAM\BLE\LIB\libCH57xBLE.a(gap.o)
                0x0000000000003bdc                GAP_ParamInit
 .text.sendTerminateEvent
                0x0000000000003c58       0x58 E:\VV_application\BLE单片机\CH573EVT\EVT\EXAM\BLE\LIB\libCH57xBLE.a(gap.o)
                0x0000000000003c58                sendTerminateEvent
 .text.gapRegisterCentral
                0x0000000000003cb0        0x6 E:\VV_application\BLE单片机\CH573EVT\EVT\EXAM\BLE\LIB\libCH57xBLE.a(gap.o)
                0x0000000000003cb0                gapRegisterCentral
 .text.gapRegisterCentralConn
                0x0000000000003cb6        0x6 E:\VV_application\BLE单片机\CH573EVT\EVT\EXAM\BLE\LIB\libCH57xBLE.a(gap.o)
                0x0000000000003cb6                gapRegisterCentralConn
 .text.gapRegisterPeripheral
                0x0000000000003cbc        0x6 E:\VV_application\BLE单片机\CH573EVT\EVT\EXAM\BLE\LIB\libCH57xBLE.a(gap.o)
                0x0000000000003cbc                gapRegisterPeripheral
 .text.gapRegisterPeripheralConn
                0x0000000000003cc2        0x6 E:\VV_application\BLE单片机\CH573EVT\EVT\EXAM\BLE\LIB\libCH57xBLE.a(gap.o)
                0x0000000000003cc2                gapRegisterPeripheralConn
 .text.smGenerateRandBuf
                0x0000000000003cc8       0x56 E:\VV_application\BLE单片机\CH573EVT\EVT\EXAM\BLE\LIB\libCH57xBLE.a(gap.o)
                0x0000000000003cc8                smGenerateRandBuf
 .text.gapL2capConnParamUpdateReq
                0x0000000000003d1e       0x2a E:\VV_application\BLE单片机\CH573EVT\EVT\EXAM\BLE\LIB\libCH57xBLE.a(gap.o)
                0x0000000000003d1e                gapL2capConnParamUpdateReq
 .text.gapValidADType
                0x0000000000003d48       0x16 E:\VV_application\BLE单片机\CH573EVT\EVT\EXAM\BLE\LIB\libCH57xBLE.a(gap.o)
                0x0000000000003d48                gapValidADType
 .text.gapFindADType
                0x0000000000003d5e       0x8e E:\VV_application\BLE单片机\CH573EVT\EVT\EXAM\BLE\LIB\libCH57xBLE.a(gap.o)
                0x0000000000003d5e                gapFindADType
 .text.GAP_SecParamsInit
                0x0000000000003dec       0x86 E:\VV_application\BLE单片机\CH573EVT\EVT\EXAM\BLE\LIB\libCH57xBLE.a(gap.o)
                0x0000000000003dec                GAP_SecParamsInit
 .text.GAP_ParamsInit
                0x0000000000003e72       0x3c E:\VV_application\BLE单片机\CH573EVT\EVT\EXAM\BLE\LIB\libCH57xBLE.a(gap.o)
                0x0000000000003e72                GAP_ParamsInit
 .text.gapAddAddrAdj
                0x0000000000003eae       0x48 E:\VV_application\BLE单片机\CH573EVT\EVT\EXAM\BLE\LIB\libCH57xBLE.a(gap.o)
                0x0000000000003eae                gapAddAddrAdj
 .text.gapDetermineAddrType
                0x0000000000003ef6       0x28 E:\VV_application\BLE单片机\CH573EVT\EVT\EXAM\BLE\LIB\libCH57xBLE.a(gap.o)
                0x0000000000003ef6                gapDetermineAddrType
 .text.gapFreeAuthLink
                0x0000000000003f1e       0x4a E:\VV_application\BLE单片机\CH573EVT\EVT\EXAM\BLE\LIB\libCH57xBLE.a(gap.o)
                0x0000000000003f1e                gapFreeAuthLink
 .text.gapGetDevAddress
                0x0000000000003f68       0x18 E:\VV_application\BLE单片机\CH573EVT\EVT\EXAM\BLE\LIB\libCH57xBLE.a(gap.o)
                0x0000000000003f68                gapGetDevAddress
 .text.gapGetDevAddressMode
                0x0000000000003f80        0x6 E:\VV_application\BLE单片机\CH573EVT\EVT\EXAM\BLE\LIB\libCH57xBLE.a(gap.o)
                0x0000000000003f80                gapGetDevAddressMode
 .text.gapGetIRK
                0x0000000000003f86        0x8 E:\VV_application\BLE单片机\CH573EVT\EVT\EXAM\BLE\LIB\libCH57xBLE.a(gap.o)
                0x0000000000003f86                gapGetIRK
 .text.gapGetSRK
                0x0000000000003f8e        0x8 E:\VV_application\BLE单片机\CH573EVT\EVT\EXAM\BLE\LIB\libCH57xBLE.a(gap.o)
                0x0000000000003f8e                gapGetSRK
 .text.gapGetSignCounter
                0x0000000000003f96        0xa E:\VV_application\BLE单片机\CH573EVT\EVT\EXAM\BLE\LIB\libCH57xBLE.a(gap.o)
                0x0000000000003f96                gapGetSignCounter
 .text.gapIncSignCounter
                0x0000000000003fa0       0x20 E:\VV_application\BLE单片机\CH573EVT\EVT\EXAM\BLE\LIB\libCH57xBLE.a(gap.o)
                0x0000000000003fa0                gapIncSignCounter
 .text.gapProcessConnEvt
                0x0000000000003fc0       0x48 E:\VV_application\BLE单片机\CH573EVT\EVT\EXAM\BLE\LIB\libCH57xBLE.a(gap.o)
                0x0000000000003fc0                gapProcessConnEvt
 .text.gapProcessDisconnectCompleteEvt
                0x0000000000004008       0xa0 E:\VV_application\BLE单片机\CH573EVT\EVT\EXAM\BLE\LIB\libCH57xBLE.a(gap.o)
                0x0000000000004008                gapProcessDisconnectCompleteEvt
 .text.sendAuthEvent
                0x00000000000040a8      0x116 E:\VV_application\BLE单片机\CH573EVT\EVT\EXAM\BLE\LIB\libCH57xBLE.a(gap.o)
                0x00000000000040a8                sendAuthEvent
 .text.gapSendBondCompleteEvent
                0x00000000000041be       0x6c E:\VV_application\BLE单片机\CH573EVT\EVT\EXAM\BLE\LIB\libCH57xBLE.a(gap.o)
                0x00000000000041be                gapSendBondCompleteEvent
 .text.gapSendPairingReqEvent
                0x000000000000422a       0x8e E:\VV_application\BLE单片机\CH573EVT\EVT\EXAM\BLE\LIB\libCH57xBLE.a(gap.o)
                0x000000000000422a                gapSendPairingReqEvent
 .text.gapSendSlaveSecurityReqEvent
                0x00000000000042b8       0x68 E:\VV_application\BLE单片机\CH573EVT\EVT\EXAM\BLE\LIB\libCH57xBLE.a(gap.o)
                0x00000000000042b8                gapSendSlaveSecurityReqEvent
 .text.gapSendDeviceInitDoneEvent
                0x0000000000004320       0x78 E:\VV_application\BLE单片机\CH573EVT\EVT\EXAM\BLE\LIB\libCH57xBLE.a(gap.o)
                0x0000000000004320                gapSendDeviceInitDoneEvent
 .text.gapSendLinkUpdateEvent
                0x0000000000004398       0x80 E:\VV_application\BLE单片机\CH573EVT\EVT\EXAM\BLE\LIB\libCH57xBLE.a(gap.o)
                0x0000000000004398                gapSendLinkUpdateEvent
 .text.gapSendEstLinkEvent
                0x0000000000004418       0xb8 E:\VV_application\BLE单片机\CH573EVT\EVT\EXAM\BLE\LIB\libCH57xBLE.a(gap.o)
                0x0000000000004418                gapSendEstLinkEvent
 .text.gapProcessNewAddr
                0x00000000000044d0       0x36 E:\VV_application\BLE单片机\CH573EVT\EVT\EXAM\BLE\LIB\libCH57xBLE.a(gap.o)
                0x00000000000044d0                gapProcessNewAddr
 .text.gapProcessRandomAddrComplete
                0x0000000000004506       0x92 E:\VV_application\BLE单片机\CH573EVT\EVT\EXAM\BLE\LIB\libCH57xBLE.a(gap.o)
                0x0000000000004506                gapProcessRandomAddrComplete
 .text.GAP_Authenticate
                0x0000000000004598       0xd2 E:\VV_application\BLE单片机\CH573EVT\EVT\EXAM\BLE\LIB\libCH57xBLE.a(gap.o)
                0x0000000000004598                GAP_Authenticate
 .text.GAP_Bond
                0x000000000000466a       0xa2 E:\VV_application\BLE单片机\CH573EVT\EVT\EXAM\BLE\LIB\libCH57xBLE.a(gap.o)
                0x000000000000466a                GAP_Bond
 .text.GAP_GetParamValue
                0x000000000000470c       0x1a E:\VV_application\BLE单片机\CH573EVT\EVT\EXAM\BLE\LIB\libCH57xBLE.a(gap.o)
                0x000000000000470c                GAP_GetParamValue
 .text.GAP_PasscodeUpdate
                0x0000000000004726       0x50 E:\VV_application\BLE单片机\CH573EVT\EVT\EXAM\BLE\LIB\libCH57xBLE.a(gap.o)
                0x0000000000004726                GAP_PasscodeUpdate
 .text.GAP_RegisterForMsgs
                0x0000000000004776        0x6 E:\VV_application\BLE单片机\CH573EVT\EVT\EXAM\BLE\LIB\libCH57xBLE.a(gap.o)
                0x0000000000004776                GAP_RegisterForMsgs
 .text.GAP_ResolvePrivateAddr
                0x000000000000477c        0x4 E:\VV_application\BLE单片机\CH573EVT\EVT\EXAM\BLE\LIB\libCH57xBLE.a(gap.o)
                0x000000000000477c                GAP_ResolvePrivateAddr
 .text.gapPairingCompleteCB
                0x0000000000004780      0x188 E:\VV_application\BLE单片机\CH573EVT\EVT\EXAM\BLE\LIB\libCH57xBLE.a(gap.o)
                0x0000000000004780                gapPairingCompleteCB
 .text.gapPasskeyNeededCB
                0x0000000000004908       0x8a E:\VV_application\BLE单片机\CH573EVT\EVT\EXAM\BLE\LIB\libCH57xBLE.a(gap.o)
                0x0000000000004908                gapPasskeyNeededCB
 .text.gapFreeEstLink
                0x0000000000004992       0x20 E:\VV_application\BLE单片机\CH573EVT\EVT\EXAM\BLE\LIB\libCH57xBLE.a(gap.o)
                0x0000000000004992                gapFreeEstLink
 .text.gapUpdateConnSignCounter
                0x00000000000049b2       0x76 E:\VV_application\BLE单片机\CH573EVT\EVT\EXAM\BLE\LIB\libCH57xBLE.a(gap.o)
                0x00000000000049b2                gapUpdateConnSignCounter
 .text.GAP_SendSlaveSecurityRequest
                0x0000000000004a28       0x4c E:\VV_application\BLE单片机\CH573EVT\EVT\EXAM\BLE\LIB\libCH57xBLE.a(gap.o)
                0x0000000000004a28                GAP_SendSlaveSecurityRequest
 .text.GAP_Signable
                0x0000000000004a74       0x66 E:\VV_application\BLE单片机\CH573EVT\EVT\EXAM\BLE\LIB\libCH57xBLE.a(gap.o)
                0x0000000000004a74                GAP_Signable
 .text.GAP_TerminateAuth
                0x0000000000004ada       0x2a E:\VV_application\BLE单片机\CH573EVT\EVT\EXAM\BLE\LIB\libCH57xBLE.a(gap.o)
                0x0000000000004ada                GAP_TerminateAuth
 .text.GAP_NumActiveConnections
                0x0000000000004b04        0x4 E:\VV_application\BLE单片机\CH573EVT\EVT\EXAM\BLE\LIB\libCH57xBLE.a(gap.o)
                0x0000000000004b04                GAP_NumActiveConnections
 .text.GAP_TerminateLinkReq
                0x0000000000004b08       0x8e E:\VV_application\BLE单片机\CH573EVT\EVT\EXAM\BLE\LIB\libCH57xBLE.a(gap.o)
                0x0000000000004b08                GAP_TerminateLinkReq
 .text.GAP_SetParamValue
                0x0000000000004b96       0x54 E:\VV_application\BLE单片机\CH573EVT\EVT\EXAM\BLE\LIB\libCH57xBLE.a(gap.o)
                0x0000000000004b96                GAP_SetParamValue
 .text.GAP_Init
                0x0000000000004bea       0x40 E:\VV_application\BLE单片机\CH573EVT\EVT\EXAM\BLE\LIB\libCH57xBLE.a(gap.o)
                0x0000000000004bea                GAP_Init
 .text.GAP_ProcessEvent
                0x0000000000004c2a      0x53a E:\VV_application\BLE单片机\CH573EVT\EVT\EXAM\BLE\LIB\libCH57xBLE.a(gap.o)
                0x0000000000004c2a                GAP_ProcessEvent
 .text.gapSendScanEnable
                0x0000000000005164       0x1e E:\VV_application\BLE单片机\CH573EVT\EVT\EXAM\BLE\LIB\libCH57xBLE.a(gap_central.o)
 .text.gapCentProcessConnEvt
                0x0000000000005182      0x104 E:\VV_application\BLE单片机\CH573EVT\EVT\EXAM\BLE\LIB\libCH57xBLE.a(gap_central.o)
                0x0000000000005182                gapCentProcessConnEvt
 .text.gapCancelLinkReq
                0x0000000000005286       0x38 E:\VV_application\BLE单片机\CH573EVT\EVT\EXAM\BLE\LIB\libCH57xBLE.a(gap_central.o)
                0x0000000000005286                gapCancelLinkReq
 .text.GAP_CentralParamInit
                0x00000000000052be       0x48 E:\VV_application\BLE单片机\CH573EVT\EVT\EXAM\BLE\LIB\libCH57xBLE.a(gap_central.o)
                0x00000000000052be                GAP_CentralParamInit
 .text.gapFreeScanRecs
                0x0000000000005306       0xa2 E:\VV_application\BLE单片机\CH573EVT\EVT\EXAM\BLE\LIB\libCH57xBLE.a(gap_central.o)
                0x0000000000005306                gapFreeScanRecs
 .text.gapSendDevDiscEvent
                0x00000000000053a8      0x124 E:\VV_application\BLE单片机\CH573EVT\EVT\EXAM\BLE\LIB\libCH57xBLE.a(gap_central.o)
                0x00000000000053a8                gapSendDevDiscEvent
 .text.gapSetScanParamStatus.part.2
                0x00000000000054cc       0x40 E:\VV_application\BLE单片机\CH573EVT\EVT\EXAM\BLE\LIB\libCH57xBLE.a(gap_central.o)
 .text.gapCentProcessHCICmdEvt
                0x000000000000550c       0x3c E:\VV_application\BLE单片机\CH573EVT\EVT\EXAM\BLE\LIB\libCH57xBLE.a(gap_central.o)
                0x000000000000550c                gapCentProcessHCICmdEvt
 .text.gapProcessScanningEvt
                0x0000000000005548      0x32c E:\VV_application\BLE单片机\CH573EVT\EVT\EXAM\BLE\LIB\libCH57xBLE.a(gap_central.o)
                0x0000000000005548                gapProcessScanningEvt
 .text.gapProcessScanningDirectEvt
                0x0000000000005874       0xfe E:\VV_application\BLE单片机\CH573EVT\EVT\EXAM\BLE\LIB\libCH57xBLE.a(gap_central.o)
                0x0000000000005874                gapProcessScanningDirectEvt
 .text.GAP_CentConnRegister
                0x0000000000005972       0x12 E:\VV_application\BLE单片机\CH573EVT\EVT\EXAM\BLE\LIB\libCH57xBLE.a(gap_central.o)
                0x0000000000005972                GAP_CentConnRegister
 .text.GAP_CentDevMgrInit
                0x0000000000005984       0x90 E:\VV_application\BLE单片机\CH573EVT\EVT\EXAM\BLE\LIB\libCH57xBLE.a(gap_central.o)
                0x0000000000005984                GAP_CentDevMgrInit
 .text.gapFreeAdvertState
                0x0000000000005a14       0x20 E:\VV_application\BLE单片机\CH573EVT\EVT\EXAM\BLE\LIB\libCH57xBLE.a(gap_peripheral.o)
 .text.gapPeriProcessConnEvt
                0x0000000000005a34       0xb0 E:\VV_application\BLE单片机\CH573EVT\EVT\EXAM\BLE\LIB\libCH57xBLE.a(gap_peripheral.o)
 .text.gapSetAdvParams
                0x0000000000005ae4       0x84 E:\VV_application\BLE单片机\CH573EVT\EVT\EXAM\BLE\LIB\libCH57xBLE.a(gap_peripheral.o)
 .text.GAP_PeripheralParamInit
                0x0000000000005b68       0x46 E:\VV_application\BLE单片机\CH573EVT\EVT\EXAM\BLE\LIB\libCH57xBLE.a(gap_peripheral.o)
                0x0000000000005b68                GAP_PeripheralParamInit
 .text.gapSendMakeDiscEvent
                0x0000000000005bae       0x4e E:\VV_application\BLE单片机\CH573EVT\EVT\EXAM\BLE\LIB\libCH57xBLE.a(gap_peripheral.o)
                0x0000000000005bae                gapSendMakeDiscEvent
 .text.gapPeriProcessHCICmdCompleteEvt
                0x0000000000005bfc      0x186 E:\VV_application\BLE单片机\CH573EVT\EVT\EXAM\BLE\LIB\libCH57xBLE.a(gap_peripheral.o)
 .text.GAP_MakeDiscoverable
                0x0000000000005d82       0xe6 E:\VV_application\BLE单片机\CH573EVT\EVT\EXAM\BLE\LIB\libCH57xBLE.a(gap_peripheral.o)
                0x0000000000005d82                GAP_MakeDiscoverable
 .text.GAP_EndDiscoverable
                0x0000000000005e68       0x58 E:\VV_application\BLE单片机\CH573EVT\EVT\EXAM\BLE\LIB\libCH57xBLE.a(gap_peripheral.o)
                0x0000000000005e68                GAP_EndDiscoverable
 .text.gapProcessAdvertisingEvt
                0x0000000000005ec0       0x8a E:\VV_application\BLE单片机\CH573EVT\EVT\EXAM\BLE\LIB\libCH57xBLE.a(gap_peripheral.o)
 .text.GAP_UpdateAdvertisingData
                0x0000000000005f4a       0xb8 E:\VV_application\BLE单片机\CH573EVT\EVT\EXAM\BLE\LIB\libCH57xBLE.a(gap_peripheral.o)
                0x0000000000005f4a                GAP_UpdateAdvertisingData
 .text.GAP_PeriConnRegister
                0x0000000000006002       0x26 E:\VV_application\BLE单片机\CH573EVT\EVT\EXAM\BLE\LIB\libCH57xBLE.a(gap_peripheral.o)
                0x0000000000006002                GAP_PeriConnRegister
 .text.GAP_PeriDevMgrInit
                0x0000000000006028       0xb8 E:\VV_application\BLE单片机\CH573EVT\EVT\EXAM\BLE\LIB\libCH57xBLE.a(gap_peripheral.o)
                0x0000000000006028                GAP_PeriDevMgrInit
 .text.ggs_SetAttrWPermit
                0x00000000000060e0       0x68 E:\VV_application\BLE单片机\CH573EVT\EVT\EXAM\BLE\LIB\libCH57xBLE.a(gapgattserver.o)
 .text.ggs_ReadAttrCB
                0x0000000000006148      0x152 E:\VV_application\BLE单片机\CH573EVT\EVT\EXAM\BLE\LIB\libCH57xBLE.a(gapgattserver.o)
 .text.ggs_WriteAttrCB
                0x000000000000629a      0x154 E:\VV_application\BLE单片机\CH573EVT\EVT\EXAM\BLE\LIB\libCH57xBLE.a(gapgattserver.o)
 .text.GGS_ParamInit
                0x00000000000063ee      0x236 E:\VV_application\BLE单片机\CH573EVT\EVT\EXAM\BLE\LIB\libCH57xBLE.a(gapgattserver.o)
                0x00000000000063ee                GGS_ParamInit
 .text.GGS_SetParameter
                0x0000000000006624       0xd6 E:\VV_application\BLE单片机\CH573EVT\EVT\EXAM\BLE\LIB\libCH57xBLE.a(gapgattserver.o)
                0x0000000000006624                GGS_SetParameter
 .text.GGS_AddService
                0x00000000000066fa       0x2c E:\VV_application\BLE单片机\CH573EVT\EVT\EXAM\BLE\LIB\libCH57xBLE.a(gapgattserver.o)
                0x00000000000066fa                GGS_AddService
 .text.GAP_DeviceInit
                0x0000000000006726       0xd8 E:\VV_application\BLE单片机\CH573EVT\EVT\EXAM\BLE\LIB\libCH57xBLE.a(gapgattserver.o)
                0x0000000000006726                GAP_DeviceInit
 .text.gattGetPayload
                0x00000000000067fe       0x7e E:\VV_application\BLE单片机\CH573EVT\EVT\EXAM\BLE\LIB\libCH57xBLE.a(gatt.o)
                0x00000000000067fe                gattGetPayload
 .text.gattNotifyEvent
                0x000000000000687c       0x80 E:\VV_application\BLE单片机\CH573EVT\EVT\EXAM\BLE\LIB\libCH57xBLE.a(gatt.o)
                0x000000000000687c                gattNotifyEvent
 .text.gattSendFlowCtrlEvt
                0x00000000000068fc       0x48 E:\VV_application\BLE单片机\CH573EVT\EVT\EXAM\BLE\LIB\libCH57xBLE.a(gatt.o)
                0x00000000000068fc                gattSendFlowCtrlEvt
 .text.gattStartTimer
                0x0000000000006944        0xc E:\VV_application\BLE单片机\CH573EVT\EVT\EXAM\BLE\LIB\libCH57xBLE.a(gatt.o)
                0x0000000000006944                gattStartTimer
 .text.gattStopTimer
                0x0000000000006950       0x32 E:\VV_application\BLE单片机\CH573EVT\EVT\EXAM\BLE\LIB\libCH57xBLE.a(gatt.o)
                0x0000000000006950                gattStopTimer
 .text.GATT_AppCompletedMsg
                0x0000000000006982       0x30 E:\VV_application\BLE单片机\CH573EVT\EVT\EXAM\BLE\LIB\libCH57xBLE.a(gatt.o)
                0x0000000000006982                GATT_AppCompletedMsg
 .text.GATT_NotifyEvent
                0x00000000000069b2       0x4e E:\VV_application\BLE单片机\CH573EVT\EVT\EXAM\BLE\LIB\libCH57xBLE.a(gatt.o)
                0x00000000000069b2                GATT_NotifyEvent
 .text.gattRegisterServer
                0x0000000000006a00        0x6 E:\VV_application\BLE单片机\CH573EVT\EVT\EXAM\BLE\LIB\libCH57xBLE.a(gatt.o)
                0x0000000000006a00                gattRegisterServer
 .text.GATT_UpdateMTU
                0x0000000000006a06       0x5c E:\VV_application\BLE单片机\CH573EVT\EVT\EXAM\BLE\LIB\libCH57xBLE.a(gatt.o)
                0x0000000000006a06                GATT_UpdateMTU
 .text.GATT_bm_alloc
                0x0000000000006a62       0xe8 E:\VV_application\BLE单片机\CH573EVT\EVT\EXAM\BLE\LIB\libCH57xBLE.a(gatt.o)
                0x0000000000006a62                GATT_bm_alloc
 .text.GATT_ServiceChangedInd
                0x0000000000006b4a       0x94 E:\VV_application\BLE单片机\CH573EVT\EVT\EXAM\BLE\LIB\libCH57xBLE.a(gatt.o)
                0x0000000000006b4a                GATT_ServiceChangedInd
 .text.GATT_bm_free
                0x0000000000006bde       0x1c E:\VV_application\BLE单片机\CH573EVT\EVT\EXAM\BLE\LIB\libCH57xBLE.a(gatt.o)
                0x0000000000006bde                GATT_bm_free
 .text.GATT_RegisterForPeriMsgs
                0x0000000000006bfa        0x6 E:\VV_application\BLE单片机\CH573EVT\EVT\EXAM\BLE\LIB\libCH57xBLE.a(gatt.o)
                0x0000000000006bfa                GATT_RegisterForPeriMsgs
 .text.GATT_Init
                0x0000000000006c00       0x30 E:\VV_application\BLE单片机\CH573EVT\EVT\EXAM\BLE\LIB\libCH57xBLE.a(gatt.o)
                0x0000000000006c00                GATT_Init
 .text.GATT_ProcessEvent
                0x0000000000006c30      0x136 E:\VV_application\BLE单片机\CH573EVT\EVT\EXAM\BLE\LIB\libCH57xBLE.a(gatt.o)
                0x0000000000006c30                GATT_ProcessEvent
 .text.gattProcessExchangeMTUReq
                0x0000000000006d66        0x4 E:\VV_application\BLE单片机\CH573EVT\EVT\EXAM\BLE\LIB\libCH57xBLE.a(gattservapp.o)
 .text.gattServApp_FindCharCfgItem
                0x0000000000006d6a       0x24 E:\VV_application\BLE单片机\CH573EVT\EVT\EXAM\BLE\LIB\libCH57xBLE.a(gattservapp.o)
 .text.gattServerHandleTimerCB
                0x0000000000006d8e       0x3c E:\VV_application\BLE单片机\CH573EVT\EVT\EXAM\BLE\LIB\libCH57xBLE.a(gattservapp.o)
 .text.gattProcessExecuteWriteReq
                0x0000000000006dca        0x4 E:\VV_application\BLE单片机\CH573EVT\EVT\EXAM\BLE\LIB\libCH57xBLE.a(gattservapp.o)
 .text.GATTServApp_ParamInit
                0x0000000000006dce       0xd4 E:\VV_application\BLE单片机\CH573EVT\EVT\EXAM\BLE\LIB\libCH57xBLE.a(gattservapp.o)
                0x0000000000006dce                GATTServApp_ParamInit
 .text.GATTServApp_ReadCharCfg
                0x0000000000006ea2       0x18 E:\VV_application\BLE单片机\CH573EVT\EVT\EXAM\BLE\LIB\libCH57xBLE.a(gattservapp.o)
                0x0000000000006ea2                GATTServApp_ReadCharCfg
 .text.GATTServApp_WriteCharCfg
                0x0000000000006eba       0x3c E:\VV_application\BLE单片机\CH573EVT\EVT\EXAM\BLE\LIB\libCH57xBLE.a(gattservapp.o)
                0x0000000000006eba                GATTServApp_WriteCharCfg
 .text.GATTServApp_ProcessCCCWriteReq
                0x0000000000006ef6       0x5c E:\VV_application\BLE单片机\CH573EVT\EVT\EXAM\BLE\LIB\libCH57xBLE.a(gattservapp.o)
                0x0000000000006ef6                GATTServApp_ProcessCCCWriteReq
 .text.gattServApp_WriteAttrCB
                0x0000000000006f52       0x34 E:\VV_application\BLE单片机\CH573EVT\EVT\EXAM\BLE\LIB\libCH57xBLE.a(gattservapp.o)
                0x0000000000006f52                gattServApp_WriteAttrCB
 .text.GATTServApp_SendCCCUpdatedEvent
                0x0000000000006f86       0x5e E:\VV_application\BLE单片机\CH573EVT\EVT\EXAM\BLE\LIB\libCH57xBLE.a(gattservapp.o)
                0x0000000000006f86                GATTServApp_SendCCCUpdatedEvent
 .text.GATTServApp_SendServiceChangedInd
                0x0000000000006fe4       0x34 E:\VV_application\BLE单片机\CH573EVT\EVT\EXAM\BLE\LIB\libCH57xBLE.a(gattservapp.o)
                0x0000000000006fe4                GATTServApp_SendServiceChangedInd
 .text.gattServApp_ClearPrepareWriteQ
                0x0000000000007018       0x4c E:\VV_application\BLE单片机\CH573EVT\EVT\EXAM\BLE\LIB\libCH57xBLE.a(gattservapp.o)
                0x0000000000007018                gattServApp_ClearPrepareWriteQ
 .text.gattServApp_FindPrepareWriteQ
                0x0000000000007064       0x32 E:\VV_application\BLE单片机\CH573EVT\EVT\EXAM\BLE\LIB\libCH57xBLE.a(gattservapp.o)
                0x0000000000007064                gattServApp_FindPrepareWriteQ
 .text.gattServApp_FindServiceCBs
                0x0000000000007096       0x18 E:\VV_application\BLE单片机\CH573EVT\EVT\EXAM\BLE\LIB\libCH57xBLE.a(gattservapp.o)
                0x0000000000007096                gattServApp_FindServiceCBs
 .text.gattServApp_FindAuthorizeAttrCB
                0x00000000000070ae       0x14 E:\VV_application\BLE单片机\CH573EVT\EVT\EXAM\BLE\LIB\libCH57xBLE.a(gattservapp.o)
                0x00000000000070ae                gattServApp_FindAuthorizeAttrCB
 .text.gattServApp_IsWriteLong
                0x00000000000070c2       0xe6 E:\VV_application\BLE单片机\CH573EVT\EVT\EXAM\BLE\LIB\libCH57xBLE.a(gattservapp.o)
                0x00000000000070c2                gattServApp_IsWriteLong
 .text.gattFindService
                0x00000000000071a8       0x1c E:\VV_application\BLE单片机\CH573EVT\EVT\EXAM\BLE\LIB\libCH57xBLE.a(gattservapp.o)
                0x00000000000071a8                gattFindService
 .text.GATT_ServiceNumAttrs
                0x00000000000071c4       0x16 E:\VV_application\BLE单片机\CH573EVT\EVT\EXAM\BLE\LIB\libCH57xBLE.a(gattservapp.o)
                0x00000000000071c4                GATT_ServiceNumAttrs
 .text.GATT_ServiceEncKeySize
                0x00000000000071da       0x16 E:\VV_application\BLE单片机\CH573EVT\EVT\EXAM\BLE\LIB\libCH57xBLE.a(gattservapp.o)
                0x00000000000071da                GATT_ServiceEncKeySize
 .text.GATT_VerifyWritePermissions.part.7
                0x00000000000071f0       0x2c E:\VV_application\BLE单片机\CH573EVT\EVT\EXAM\BLE\LIB\libCH57xBLE.a(gattservapp.o)
 .text.gattResetServerInfo
                0x000000000000721c       0x1c E:\VV_application\BLE单片机\CH573EVT\EVT\EXAM\BLE\LIB\libCH57xBLE.a(gattservapp.o)
                0x000000000000721c                gattResetServerInfo
 .text.gattFindServerInfo
                0x0000000000007238       0x34 E:\VV_application\BLE单片机\CH573EVT\EVT\EXAM\BLE\LIB\libCH57xBLE.a(gattservapp.o)
                0x0000000000007238                gattFindServerInfo
 .text.gattServerHandleConnStatusCB
                0x000000000000726c       0x98 E:\VV_application\BLE单片机\CH573EVT\EVT\EXAM\BLE\LIB\libCH57xBLE.a(gattservapp.o)
                0x000000000000726c                gattServerHandleConnStatusCB
 .text.gattServerProcessMsgCB
                0x0000000000007304      0x1c0 E:\VV_application\BLE单片机\CH573EVT\EVT\EXAM\BLE\LIB\libCH57xBLE.a(gattservapp.o)
                0x0000000000007304                gattServerProcessMsgCB
 .text.gattServerNotifyTxCB
                0x00000000000074c4       0x28 E:\VV_application\BLE单片机\CH573EVT\EVT\EXAM\BLE\LIB\libCH57xBLE.a(gattservapp.o)
 .text.GATT_FindHandle
                0x00000000000074ec       0x4a E:\VV_application\BLE单片机\CH573EVT\EVT\EXAM\BLE\LIB\libCH57xBLE.a(gattservapp.o)
                0x00000000000074ec                GATT_FindHandle
 .text.GATTServApp_WriteAttr
                0x0000000000007536       0xa8 E:\VV_application\BLE单片机\CH573EVT\EVT\EXAM\BLE\LIB\libCH57xBLE.a(gattservapp.o)
                0x0000000000007536                GATTServApp_WriteAttr
 .text.gattServApp_ProcessExecuteWriteReq
                0x00000000000075de      0x100 E:\VV_application\BLE单片机\CH573EVT\EVT\EXAM\BLE\LIB\libCH57xBLE.a(gattservapp.o)
                0x00000000000075de                gattServApp_ProcessExecuteWriteReq
 .text.GATTServApp_UpdateCharCfg
                0x00000000000076de       0x1e E:\VV_application\BLE单片机\CH573EVT\EVT\EXAM\BLE\LIB\libCH57xBLE.a(gattservapp.o)
                0x00000000000076de                GATTServApp_UpdateCharCfg
 .text.gattServApp_ProcessPrepareWriteReq
                0x00000000000076fc      0x10e E:\VV_application\BLE单片机\CH573EVT\EVT\EXAM\BLE\LIB\libCH57xBLE.a(gattservapp.o)
                0x00000000000076fc                gattServApp_ProcessPrepareWriteReq
 .text.gattServApp_ProcessWriteReq
                0x000000000000780a       0xb0 E:\VV_application\BLE单片机\CH573EVT\EVT\EXAM\BLE\LIB\libCH57xBLE.a(gattservapp.o)
                0x000000000000780a                gattServApp_ProcessWriteReq
 .text.GATT_Indication
                0x00000000000078ba       0xa4 E:\VV_application\BLE单片机\CH573EVT\EVT\EXAM\BLE\LIB\libCH57xBLE.a(gattservapp.o)
                0x00000000000078ba                GATT_Indication
 .text.GATT_FindHandleUUID
                0x000000000000795e       0x94 E:\VV_application\BLE单片机\CH573EVT\EVT\EXAM\BLE\LIB\libCH57xBLE.a(gattservapp.o)
                0x000000000000795e                GATT_FindHandleUUID
 .text.gattProcessReadByGrpTypeReq
                0x00000000000079f2       0x60 E:\VV_application\BLE单片机\CH573EVT\EVT\EXAM\BLE\LIB\libCH57xBLE.a(gattservapp.o)
 .text.gattProcessReadByTypeReq
                0x0000000000007a52       0x34 E:\VV_application\BLE单片机\CH573EVT\EVT\EXAM\BLE\LIB\libCH57xBLE.a(gattservapp.o)
 .text.gattProcessFindByTypeValueReq
                0x0000000000007a86       0x34 E:\VV_application\BLE单片机\CH573EVT\EVT\EXAM\BLE\LIB\libCH57xBLE.a(gattservapp.o)
 .text.gattProcessFindInfoReq
                0x0000000000007aba      0x1aa E:\VV_application\BLE单片机\CH573EVT\EVT\EXAM\BLE\LIB\libCH57xBLE.a(gattservapp.o)
 .text.GATT_Notification
                0x0000000000007c64       0x78 E:\VV_application\BLE单片机\CH573EVT\EVT\EXAM\BLE\LIB\libCH57xBLE.a(gattservapp.o)
                0x0000000000007c64                GATT_Notification
 .text.GATT_VerifyWritePermissions
                0x0000000000007cdc       0x6a E:\VV_application\BLE单片机\CH573EVT\EVT\EXAM\BLE\LIB\libCH57xBLE.a(gattservapp.o)
                0x0000000000007cdc                GATT_VerifyWritePermissions
 .text.gattProcessWriteReq
                0x0000000000007d46       0x36 E:\VV_application\BLE单片机\CH573EVT\EVT\EXAM\BLE\LIB\libCH57xBLE.a(gattservapp.o)
 .text.GATT_VerifyPrepareWritePermissions
                0x0000000000007d7c       0x56 E:\VV_application\BLE单片机\CH573EVT\EVT\EXAM\BLE\LIB\libCH57xBLE.a(gattservapp.o)
                0x0000000000007d7c                GATT_VerifyPrepareWritePermissions
 .text.gattProcessPrepareWriteReq
                0x0000000000007dd2       0x36 E:\VV_application\BLE单片机\CH573EVT\EVT\EXAM\BLE\LIB\libCH57xBLE.a(gattservapp.o)
 .text.GATT_FindNextAttr
                0x0000000000007e08       0xc2 E:\VV_application\BLE单片机\CH573EVT\EVT\EXAM\BLE\LIB\libCH57xBLE.a(gattservapp.o)
                0x0000000000007e08                GATT_FindNextAttr
 .text.GATTServApp_ReadAttr
                0x0000000000007eca      0x2e2 E:\VV_application\BLE单片机\CH573EVT\EVT\EXAM\BLE\LIB\libCH57xBLE.a(gattservapp.o)
                0x0000000000007eca                GATTServApp_ReadAttr
 .text.gattServApp_ProcessReadMultiReq
                0x00000000000081ac      0x156 E:\VV_application\BLE单片机\CH573EVT\EVT\EXAM\BLE\LIB\libCH57xBLE.a(gattservapp.o)
                0x00000000000081ac                gattServApp_ProcessReadMultiReq
 .text.gattServApp_ProcessFindByTypeValueReq
                0x0000000000008302      0x18c E:\VV_application\BLE单片机\CH573EVT\EVT\EXAM\BLE\LIB\libCH57xBLE.a(gattservapp.o)
                0x0000000000008302                gattServApp_ProcessFindByTypeValueReq
 .text.GATT_VerifyReadPermissions
                0x000000000000848e       0x68 E:\VV_application\BLE单片机\CH573EVT\EVT\EXAM\BLE\LIB\libCH57xBLE.a(gattservapp.o)
                0x000000000000848e                GATT_VerifyReadPermissions
 .text.gattProcessReadMultiReq
                0x00000000000084f6       0xae E:\VV_application\BLE单片机\CH573EVT\EVT\EXAM\BLE\LIB\libCH57xBLE.a(gattservapp.o)
 .text.gattProcessReadReq
                0x00000000000085a4       0x30 E:\VV_application\BLE单片机\CH573EVT\EVT\EXAM\BLE\LIB\libCH57xBLE.a(gattservapp.o)
 .text.gattServApp_ProcessReadByGrpTypeReq
                0x00000000000085d4      0x200 E:\VV_application\BLE单片机\CH573EVT\EVT\EXAM\BLE\LIB\libCH57xBLE.a(gattservapp.o)
                0x00000000000085d4                gattServApp_ProcessReadByGrpTypeReq
 .text.gattServApp_ProcessReadByTypeReq
                0x00000000000087d4      0x192 E:\VV_application\BLE单片机\CH573EVT\EVT\EXAM\BLE\LIB\libCH57xBLE.a(gattservapp.o)
                0x00000000000087d4                gattServApp_ProcessReadByTypeReq
 .text.GATT_RegisterService
                0x0000000000008966       0xee E:\VV_application\BLE单片机\CH573EVT\EVT\EXAM\BLE\LIB\libCH57xBLE.a(gattservapp.o)
                0x0000000000008966                GATT_RegisterService
 .text.GATTServApp_RegisterService
                0x0000000000008a54       0x7c E:\VV_application\BLE单片机\CH573EVT\EVT\EXAM\BLE\LIB\libCH57xBLE.a(gattservapp.o)
                0x0000000000008a54                GATTServApp_RegisterService
 .text.GATTServApp_AddService
                0x0000000000008ad0       0x2c E:\VV_application\BLE单片机\CH573EVT\EVT\EXAM\BLE\LIB\libCH57xBLE.a(gattservapp.o)
                0x0000000000008ad0                GATTServApp_AddService
 .text.GATTServApp_RegisterForMsg
                0x0000000000008afc        0x6 E:\VV_application\BLE单片机\CH573EVT\EVT\EXAM\BLE\LIB\libCH57xBLE.a(gattservapp.o)
                0x0000000000008afc                GATTServApp_RegisterForMsg
 .text.GATTServApp_InitCharCfg
                0x0000000000008b02       0x3e E:\VV_application\BLE单片机\CH573EVT\EVT\EXAM\BLE\LIB\libCH57xBLE.a(gattservapp.o)
                0x0000000000008b02                GATTServApp_InitCharCfg
 .text.gattServApp_HandleConnStatusCB
                0x0000000000008b40       0x74 E:\VV_application\BLE单片机\CH573EVT\EVT\EXAM\BLE\LIB\libCH57xBLE.a(gattservapp.o)
                0x0000000000008b40                gattServApp_HandleConnStatusCB
 .text.GATT_InitServer
                0x0000000000008bb4       0x52 E:\VV_application\BLE单片机\CH573EVT\EVT\EXAM\BLE\LIB\libCH57xBLE.a(gattservapp.o)
                0x0000000000008bb4                GATT_InitServer
 .text.GATTServApp_Init
                0x0000000000008c06       0x9a E:\VV_application\BLE单片机\CH573EVT\EVT\EXAM\BLE\LIB\libCH57xBLE.a(gattservapp.o)
                0x0000000000008c06                GATTServApp_Init
 .text.GATTServApp_ProcessEvent
                0x0000000000008ca0      0x354 E:\VV_application\BLE单片机\CH573EVT\EVT\EXAM\BLE\LIB\libCH57xBLE.a(gattservapp.o)
                0x0000000000008ca0                GATTServApp_ProcessEvent
 .text.l2capAllocConnChannel
                0x0000000000008ff4       0xd8 E:\VV_application\BLE单片机\CH573EVT\EVT\EXAM\BLE\LIB\libCH57xBLE.a(l2cap.o)
                0x0000000000008ff4                l2capAllocConnChannel
 .text.l2capFindLocalCID
                0x00000000000090cc       0x2c E:\VV_application\BLE单片机\CH573EVT\EVT\EXAM\BLE\LIB\libCH57xBLE.a(l2cap.o)
                0x00000000000090cc                l2capFindLocalCID
 .text.l2capFindLocalId
                0x00000000000090f8       0x30 E:\VV_application\BLE单片机\CH573EVT\EVT\EXAM\BLE\LIB\libCH57xBLE.a(l2cap.o)
                0x00000000000090f8                l2capFindLocalId
 .text.l2capFindPsm
                0x0000000000009128       0x2c E:\VV_application\BLE单片机\CH573EVT\EVT\EXAM\BLE\LIB\libCH57xBLE.a(l2cap.o)
                0x0000000000009128                l2capFindPsm
 .text.l2capFindRemoteCID
                0x0000000000009154       0x3c E:\VV_application\BLE单片机\CH573EVT\EVT\EXAM\BLE\LIB\libCH57xBLE.a(l2cap.o)
                0x0000000000009154                l2capFindRemoteCID
 .text.l2capFreeChannel
                0x0000000000009190       0x4a E:\VV_application\BLE单片机\CH573EVT\EVT\EXAM\BLE\LIB\libCH57xBLE.a(l2cap.o)
                0x0000000000009190                l2capFreeChannel
 .text.l2capDisconnectChannel
                0x00000000000091da       0x28 E:\VV_application\BLE单片机\CH573EVT\EVT\EXAM\BLE\LIB\libCH57xBLE.a(l2cap.o)
                0x00000000000091da                l2capDisconnectChannel
 .text.l2capHandleTimerCB
                0x0000000000009202       0x2c E:\VV_application\BLE单片机\CH573EVT\EVT\EXAM\BLE\LIB\libCH57xBLE.a(l2cap.o)
                0x0000000000009202                l2capHandleTimerCB
 .text.l2capFreePendingPkt
                0x000000000000922e       0x54 E:\VV_application\BLE单片机\CH573EVT\EVT\EXAM\BLE\LIB\libCH57xBLE.a(l2cap.o)
                0x000000000000922e                l2capFreePendingPkt
 .text.l2capGetCoChannelInfo
                0x0000000000009282       0x7e E:\VV_application\BLE单片机\CH573EVT\EVT\EXAM\BLE\LIB\libCH57xBLE.a(l2cap.o)
                0x0000000000009282                l2capGetCoChannelInfo
 .text.l2capNumActiveChannnels
                0x0000000000009300       0x44 E:\VV_application\BLE单片机\CH573EVT\EVT\EXAM\BLE\LIB\libCH57xBLE.a(l2cap.o)
                0x0000000000009300                l2capNumActiveChannnels
 .text.l2capStartTimer
                0x0000000000009344       0x1a E:\VV_application\BLE单片机\CH573EVT\EVT\EXAM\BLE\LIB\libCH57xBLE.a(l2cap.o)
                0x0000000000009344                l2capStartTimer
 .text.l2capStopTimer
                0x000000000000935e       0x1e E:\VV_application\BLE单片机\CH573EVT\EVT\EXAM\BLE\LIB\libCH57xBLE.a(l2cap.o)
                0x000000000000935e                l2capStopTimer
 .text.l2capDisconnectAllChannels
                0x000000000000937c       0xdc E:\VV_application\BLE单片机\CH573EVT\EVT\EXAM\BLE\LIB\libCH57xBLE.a(l2cap.o)
                0x000000000000937c                l2capDisconnectAllChannels
 .text.l2capHandleConnStatusCB
                0x0000000000009458       0x3c E:\VV_application\BLE单片机\CH573EVT\EVT\EXAM\BLE\LIB\libCH57xBLE.a(l2cap.o)
                0x0000000000009458                l2capHandleConnStatusCB
 .text.l2capHandleRxError
                0x0000000000009494        0x6 E:\VV_application\BLE单片机\CH573EVT\EVT\EXAM\BLE\LIB\libCH57xBLE.a(l2cap.o)
                0x0000000000009494                l2capHandleRxError
 .text.L2CAP_GetMTU
                0x000000000000949a        0x6 E:\VV_application\BLE单片机\CH573EVT\EVT\EXAM\BLE\LIB\libCH57xBLE.a(l2cap.o)
                0x000000000000949a                L2CAP_GetMTU
 .text.L2CAP_HostNumCompletedPkts
                0x00000000000094a0       0x28 E:\VV_application\BLE单片机\CH573EVT\EVT\EXAM\BLE\LIB\libCH57xBLE.a(l2cap.o)
                0x00000000000094a0                L2CAP_HostNumCompletedPkts
 .text.L2CAP_ParseConnectReq
                0x00000000000094c8       0x5e E:\VV_application\BLE单片机\CH573EVT\EVT\EXAM\BLE\LIB\libCH57xBLE.a(l2cap.o)
                0x00000000000094c8                L2CAP_ParseConnectReq
 .text.L2CAP_ParseFlowCtrlCredit
                0x0000000000009526       0x2e E:\VV_application\BLE单片机\CH573EVT\EVT\EXAM\BLE\LIB\libCH57xBLE.a(l2cap.o)
                0x0000000000009526                L2CAP_ParseFlowCtrlCredit
 .text.L2CAP_RegisterApp
                0x0000000000009554       0x2c E:\VV_application\BLE单片机\CH573EVT\EVT\EXAM\BLE\LIB\libCH57xBLE.a(l2cap.o)
                0x0000000000009554                L2CAP_RegisterApp
 .text.L2CAP_SetBufSize
                0x0000000000009580       0x10 E:\VV_application\BLE单片机\CH573EVT\EVT\EXAM\BLE\LIB\libCH57xBLE.a(l2cap.o)
                0x0000000000009580                L2CAP_SetBufSize
 .text.L2CAP_bm_alloc
                0x0000000000009590       0x2a E:\VV_application\BLE单片机\CH573EVT\EVT\EXAM\BLE\LIB\libCH57xBLE.a(l2cap.o)
                0x0000000000009590                L2CAP_bm_alloc
 .text.L2CAP_Init
                0x00000000000095ba       0xea E:\VV_application\BLE单片机\CH573EVT\EVT\EXAM\BLE\LIB\libCH57xBLE.a(l2cap.o)
                0x00000000000095ba                L2CAP_Init
 .text.L2CAP_ProcessEvent
                0x00000000000096a4       0xc4 E:\VV_application\BLE单片机\CH573EVT\EVT\EXAM\BLE\LIB\libCH57xBLE.a(l2cap.o)
                0x00000000000096a4                L2CAP_ProcessEvent
 .text.l2capParseCmdReject
                0x0000000000009768       0x5e E:\VV_application\BLE单片机\CH573EVT\EVT\EXAM\BLE\LIB\libCH57xBLE.a(l2cap_input.o)
                0x0000000000009768                l2capParseCmdReject
 .text.l2capParseDisconnectReq
                0x00000000000097c6       0x2e E:\VV_application\BLE单片机\CH573EVT\EVT\EXAM\BLE\LIB\libCH57xBLE.a(l2cap_input.o)
                0x00000000000097c6                l2capParseDisconnectReq
 .text.l2capParseDisconnectRsp
                0x00000000000097f4       0x2e E:\VV_application\BLE单片机\CH573EVT\EVT\EXAM\BLE\LIB\libCH57xBLE.a(l2cap_input.o)
                0x00000000000097f4                l2capParseDisconnectRsp
 .text.L2CAP_ParseParamUpdateReq
                0x0000000000009822       0x4e E:\VV_application\BLE单片机\CH573EVT\EVT\EXAM\BLE\LIB\libCH57xBLE.a(l2cap_input.o)
                0x0000000000009822                L2CAP_ParseParamUpdateReq
 .text.l2capParseParamUpdateRsp
                0x0000000000009870       0x1e E:\VV_application\BLE单片机\CH573EVT\EVT\EXAM\BLE\LIB\libCH57xBLE.a(l2cap_input.o)
                0x0000000000009870                l2capParseParamUpdateRsp
 .text.l2capProcessConnectReq
                0x000000000000988e       0xfc E:\VV_application\BLE单片机\CH573EVT\EVT\EXAM\BLE\LIB\libCH57xBLE.a(l2cap_input.o)
                0x000000000000988e                l2capProcessConnectReq
 .text.l2capParseConnectRsp
                0x000000000000998a       0x5e E:\VV_application\BLE单片机\CH573EVT\EVT\EXAM\BLE\LIB\libCH57xBLE.a(l2cap_input.o)
                0x000000000000998a                l2capParseConnectRsp
 .text.l2capParseSignalHdr
                0x00000000000099e8       0x22 E:\VV_application\BLE单片机\CH573EVT\EVT\EXAM\BLE\LIB\libCH57xBLE.a(l2cap_input.o)
                0x00000000000099e8                l2capParseSignalHdr
 .text.l2capParsePacket
                0x0000000000009a0a       0x8c E:\VV_application\BLE单片机\CH573EVT\EVT\EXAM\BLE\LIB\libCH57xBLE.a(l2cap_input.o)
                0x0000000000009a0a                l2capParsePacket
 .text.l2capProcessReq
                0x0000000000009a96      0x152 E:\VV_application\BLE单片机\CH573EVT\EVT\EXAM\BLE\LIB\libCH57xBLE.a(l2cap_input.o)
                0x0000000000009a96                l2capProcessReq
 .text.l2capProcessRsp
                0x0000000000009be8      0x150 E:\VV_application\BLE单片机\CH573EVT\EVT\EXAM\BLE\LIB\libCH57xBLE.a(l2cap_input.o)
                0x0000000000009be8                l2capProcessRsp
 .text.l2capProcessRxData
                0x0000000000009d38       0xf4 E:\VV_application\BLE单片机\CH573EVT\EVT\EXAM\BLE\LIB\libCH57xBLE.a(l2cap_input.o)
                0x0000000000009d38                l2capProcessRxData
 .text.l2capNotifyData
                0x0000000000009e2c       0x5a E:\VV_application\BLE单片机\CH573EVT\EVT\EXAM\BLE\LIB\libCH57xBLE.a(l2cap_output.o)
                0x0000000000009e2c                l2capNotifyData
 .text.l2capNotifySignal
                0x0000000000009e86       0x76 E:\VV_application\BLE单片机\CH573EVT\EVT\EXAM\BLE\LIB\libCH57xBLE.a(l2cap_output.o)
                0x0000000000009e86                l2capNotifySignal
 .text.l2capNotifyCreditEvt
                0x0000000000009efc       0x9c E:\VV_application\BLE单片机\CH573EVT\EVT\EXAM\BLE\LIB\libCH57xBLE.a(l2cap_output.o)
                0x0000000000009efc                l2capNotifyCreditEvt
 .text.l2capNotifyChannelEstEvt
                0x0000000000009f98       0x58 E:\VV_application\BLE单片机\CH573EVT\EVT\EXAM\BLE\LIB\libCH57xBLE.a(l2cap_output.o)
                0x0000000000009f98                l2capNotifyChannelEstEvt
 .text.l2capNotifyChannelTermEvt
                0x0000000000009ff0       0x3e E:\VV_application\BLE单片机\CH573EVT\EVT\EXAM\BLE\LIB\libCH57xBLE.a(l2cap_output.o)
                0x0000000000009ff0                l2capNotifyChannelTermEvt
 .text.l2capNotifyEvent
                0x000000000000a02e       0x66 E:\VV_application\BLE单片机\CH573EVT\EVT\EXAM\BLE\LIB\libCH57xBLE.a(l2cap_output.o)
                0x000000000000a02e                l2capNotifyEvent
 .text.l2capStoreFCPkt
                0x000000000000a094       0x2e E:\VV_application\BLE单片机\CH573EVT\EVT\EXAM\BLE\LIB\libCH57xBLE.a(l2cap_output.o)
                0x000000000000a094                l2capStoreFCPkt
 .text.l2capFreeTxSDU
                0x000000000000a0c2       0x9a E:\VV_application\BLE单片机\CH573EVT\EVT\EXAM\BLE\LIB\libCH57xBLE.a(l2cap_output.o)
                0x000000000000a0c2                l2capFreeTxSDU
 .text.l2capReassembleSegment
                0x000000000000a15c      0x174 E:\VV_application\BLE单片机\CH573EVT\EVT\EXAM\BLE\LIB\libCH57xBLE.a(l2cap_output.o)
                0x000000000000a15c                l2capReassembleSegment
 .text.l2capEncapSendData
                0x000000000000a2d0       0xec E:\VV_application\BLE单片机\CH573EVT\EVT\EXAM\BLE\LIB\libCH57xBLE.a(l2cap_output.o)
                0x000000000000a2d0                l2capEncapSendData
 .text.l2capSendFCPkt.part.3
                0x000000000000a3bc       0x6c E:\VV_application\BLE单片机\CH573EVT\EVT\EXAM\BLE\LIB\libCH57xBLE.a(l2cap_output.o)
 .text.l2capSendSegment
                0x000000000000a428      0x108 E:\VV_application\BLE单片机\CH573EVT\EVT\EXAM\BLE\LIB\libCH57xBLE.a(l2cap_output.o)
                0x000000000000a428                l2capSendSegment
 .text.l2capSendNextSegment
                0x000000000000a530       0xb4 E:\VV_application\BLE单片机\CH573EVT\EVT\EXAM\BLE\LIB\libCH57xBLE.a(l2cap_output.o)
                0x000000000000a530                l2capSendNextSegment
 .text.l2capSendPkt
                0x000000000000a5e4       0x3a E:\VV_application\BLE单片机\CH573EVT\EVT\EXAM\BLE\LIB\libCH57xBLE.a(l2cap_output.o)
                0x000000000000a5e4                l2capSendPkt
 .text.L2CAP_SendData
                0x000000000000a61e       0x78 E:\VV_application\BLE单片机\CH573EVT\EVT\EXAM\BLE\LIB\libCH57xBLE.a(l2cap_output.o)
                0x000000000000a61e                L2CAP_SendData
 .text.l2capSendCmd
                0x000000000000a696       0x8a E:\VV_application\BLE单片机\CH573EVT\EVT\EXAM\BLE\LIB\libCH57xBLE.a(l2cap_output.o)
                0x000000000000a696                l2capSendCmd
 .text.l2capSendReq
                0x000000000000a720       0xc4 E:\VV_application\BLE单片机\CH573EVT\EVT\EXAM\BLE\LIB\libCH57xBLE.a(l2cap_output.o)
                0x000000000000a720                l2capSendReq
 .text.l2capBuildDisconnectReq
                0x000000000000a7e4       0x28 E:\VV_application\BLE单片机\CH573EVT\EVT\EXAM\BLE\LIB\libCH57xBLE.a(l2cap_sdu.o)
 .text.l2capBuildParamUpdateReq
                0x000000000000a80c       0x4c E:\VV_application\BLE单片机\CH573EVT\EVT\EXAM\BLE\LIB\libCH57xBLE.a(l2cap_sdu.o)
 .text.l2capBuildParamUpdateRsp
                0x000000000000a858       0x16 E:\VV_application\BLE单片机\CH573EVT\EVT\EXAM\BLE\LIB\libCH57xBLE.a(l2cap_sdu.o)
 .text.l2capBuildConnectRsp
                0x000000000000a86e       0x5e E:\VV_application\BLE单片机\CH573EVT\EVT\EXAM\BLE\LIB\libCH57xBLE.a(l2cap_sdu.o)
 .text.l2capBuildCmdReject
                0x000000000000a8cc       0x62 E:\VV_application\BLE单片机\CH573EVT\EVT\EXAM\BLE\LIB\libCH57xBLE.a(l2cap_sdu.o)
                0x000000000000a8cc                l2capBuildCmdReject
 .text.l2capBuildDisconnectRsp
                0x000000000000a92e       0x28 E:\VV_application\BLE单片机\CH573EVT\EVT\EXAM\BLE\LIB\libCH57xBLE.a(l2cap_sdu.o)
                0x000000000000a92e                l2capBuildDisconnectRsp
 .text.l2capSendConnectRsp
                0x000000000000a956       0xa2 E:\VV_application\BLE单片机\CH573EVT\EVT\EXAM\BLE\LIB\libCH57xBLE.a(l2cap_sdu.o)
                0x000000000000a956                l2capSendConnectRsp
 .text.L2CAP_CmdReject
                0x000000000000a9f8       0x12 E:\VV_application\BLE单片机\CH573EVT\EVT\EXAM\BLE\LIB\libCH57xBLE.a(l2cap_sdu.o)
                0x000000000000a9f8                L2CAP_CmdReject
 .text.L2CAP_DisconnectReq
                0x000000000000aa0a       0x2a E:\VV_application\BLE单片机\CH573EVT\EVT\EXAM\BLE\LIB\libCH57xBLE.a(l2cap_sdu.o)
                0x000000000000aa0a                L2CAP_DisconnectReq
 .text.L2CAP_ConnParamUpdateReq
                0x000000000000aa34       0x16 E:\VV_application\BLE单片机\CH573EVT\EVT\EXAM\BLE\LIB\libCH57xBLE.a(l2cap_sdu.o)
                0x000000000000aa34                L2CAP_ConnParamUpdateReq
 .text.L2CAP_ConnParamUpdateRsp
                0x000000000000aa4a       0x12 E:\VV_application\BLE单片机\CH573EVT\EVT\EXAM\BLE\LIB\libCH57xBLE.a(l2cap_sdu.o)
                0x000000000000aa4a                L2CAP_ConnParamUpdateRsp
 .text.reportStatusChange
                0x000000000000aa5c       0x36 E:\VV_application\BLE单片机\CH573EVT\EVT\EXAM\BLE\LIB\libCH57xBLE.a(linkdb.o)
 .text.linkDB_Init
                0x000000000000aa92       0x6a E:\VV_application\BLE单片机\CH573EVT\EVT\EXAM\BLE\LIB\libCH57xBLE.a(linkdb.o)
                0x000000000000aa92                linkDB_Init
 .text.linkDB_Find
                0x000000000000aafc       0x2c E:\VV_application\BLE单片机\CH573EVT\EVT\EXAM\BLE\LIB\libCH57xBLE.a(linkdb.o)
                0x000000000000aafc                linkDB_Find
 .text.linkDB_Authen
                0x000000000000ab28       0x5c E:\VV_application\BLE单片机\CH573EVT\EVT\EXAM\BLE\LIB\libCH57xBLE.a(linkdb.o)
                0x000000000000ab28                linkDB_Authen
 .text.linkDB_FindFirst
                0x000000000000ab84       0x38 E:\VV_application\BLE单片机\CH573EVT\EVT\EXAM\BLE\LIB\libCH57xBLE.a(linkdb.o)
                0x000000000000ab84                linkDB_FindFirst
 .text.linkDB_MTU
                0x000000000000abbc       0x18 E:\VV_application\BLE单片机\CH573EVT\EVT\EXAM\BLE\LIB\libCH57xBLE.a(linkdb.o)
                0x000000000000abbc                linkDB_MTU
 .text.linkDB_NumActive
                0x000000000000abd4       0x2e E:\VV_application\BLE单片机\CH573EVT\EVT\EXAM\BLE\LIB\libCH57xBLE.a(linkdb.o)
                0x000000000000abd4                linkDB_NumActive
 .text.linkDB_NumConns
                0x000000000000ac02        0x6 E:\VV_application\BLE单片机\CH573EVT\EVT\EXAM\BLE\LIB\libCH57xBLE.a(linkdb.o)
                0x000000000000ac02                linkDB_NumConns
 .text.linkDB_Register
                0x000000000000ac08       0x24 E:\VV_application\BLE单片机\CH573EVT\EVT\EXAM\BLE\LIB\libCH57xBLE.a(linkdb.o)
                0x000000000000ac08                linkDB_Register
 .text.linkDB_Remove
                0x000000000000ac2c       0x48 E:\VV_application\BLE单片机\CH573EVT\EVT\EXAM\BLE\LIB\libCH57xBLE.a(linkdb.o)
                0x000000000000ac2c                linkDB_Remove
 .text.linkDB_Role
                0x000000000000ac74       0x18 E:\VV_application\BLE单片机\CH573EVT\EVT\EXAM\BLE\LIB\libCH57xBLE.a(linkdb.o)
                0x000000000000ac74                linkDB_Role
 .text.linkDB_State
                0x000000000000ac8c       0x30 E:\VV_application\BLE单片机\CH573EVT\EVT\EXAM\BLE\LIB\libCH57xBLE.a(linkdb.o)
                0x000000000000ac8c                linkDB_State
 .text.linkDB_UpdateMTU
                0x000000000000acbc       0x28 E:\VV_application\BLE单片机\CH573EVT\EVT\EXAM\BLE\LIB\libCH57xBLE.a(linkdb.o)
                0x000000000000acbc                linkDB_UpdateMTU
 .text.linkDB_PerformFunc
                0x000000000000ace4       0x52 E:\VV_application\BLE单片机\CH573EVT\EVT\EXAM\BLE\LIB\libCH57xBLE.a(linkdb.o)
                0x000000000000ace4                linkDB_PerformFunc
 .text.linkDB_PeripheralLinkNum
                0x000000000000ad36       0x3e E:\VV_application\BLE单片机\CH573EVT\EVT\EXAM\BLE\LIB\libCH57xBLE.a(linkdb.o)
                0x000000000000ad36                linkDB_PeripheralLinkNum
 .text.linkDB_GetSMEvtID
                0x000000000000ad74       0x58 E:\VV_application\BLE单片机\CH573EVT\EVT\EXAM\BLE\LIB\libCH57xBLE.a(linkdb.o)
                0x000000000000ad74                linkDB_GetSMEvtID
 .text.linkDB_Add
                0x000000000000adcc       0xb2 E:\VV_application\BLE单片机\CH573EVT\EVT\EXAM\BLE\LIB\libCH57xBLE.a(linkdb.o)
                0x000000000000adcc                linkDB_Add
 .text.linkDB_GetHandleFromSMEvtID
                0x000000000000ae7e       0x32 E:\VV_application\BLE单片机\CH573EVT\EVT\EXAM\BLE\LIB\libCH57xBLE.a(linkdb.o)
                0x000000000000ae7e                linkDB_GetHandleFromSMEvtID
 .text.linkDB_GetPairingParam
                0x000000000000aeb0       0x54 E:\VV_application\BLE单片机\CH573EVT\EVT\EXAM\BLE\LIB\libCH57xBLE.a(linkdb.o)
                0x000000000000aeb0                linkDB_GetPairingParam
 .text.linkDB_NeedSendKey
                0x000000000000af04       0x42 E:\VV_application\BLE单片机\CH573EVT\EVT\EXAM\BLE\LIB\libCH57xBLE.a(linkdb.o)
                0x000000000000af04                linkDB_NeedSendKey
 .text.smpBuildPairingFailed
                0x000000000000af46       0x1a E:\VV_application\BLE单片机\CH573EVT\EVT\EXAM\BLE\LIB\libCH57xBLE.a(sm.o)
                0x000000000000af46                smpBuildPairingFailed
 .text.SM_StartEncryption
                0x000000000000af60       0x98 E:\VV_application\BLE单片机\CH573EVT\EVT\EXAM\BLE\LIB\libCH57xBLE.a(sm.o)
                0x000000000000af60                SM_StartEncryption
 .text.smpBuildEncInfo
                0x000000000000aff8       0x30 E:\VV_application\BLE单片机\CH573EVT\EVT\EXAM\BLE\LIB\libCH57xBLE.a(sm.o)
                0x000000000000aff8                smpBuildEncInfo
 .text.smpBuildIdentityAddrInfo
                0x000000000000b028       0x3a E:\VV_application\BLE单片机\CH573EVT\EVT\EXAM\BLE\LIB\libCH57xBLE.a(sm.o)
                0x000000000000b028                smpBuildIdentityAddrInfo
 .text.smpBuildIdentityInfo
                0x000000000000b062       0x30 E:\VV_application\BLE单片机\CH573EVT\EVT\EXAM\BLE\LIB\libCH57xBLE.a(sm.o)
                0x000000000000b062                smpBuildIdentityInfo
 .text.smpBuildMasterID
                0x000000000000b092       0x44 E:\VV_application\BLE单片机\CH573EVT\EVT\EXAM\BLE\LIB\libCH57xBLE.a(sm.o)
                0x000000000000b092                smpBuildMasterID
 .text.smpBuildPairingConfirm
                0x000000000000b0d6       0x30 E:\VV_application\BLE单片机\CH573EVT\EVT\EXAM\BLE\LIB\libCH57xBLE.a(sm.o)
                0x000000000000b0d6                smpBuildPairingConfirm
 .text.smpBuildPairingRandom
                0x000000000000b106       0x30 E:\VV_application\BLE单片机\CH573EVT\EVT\EXAM\BLE\LIB\libCH57xBLE.a(sm.o)
                0x000000000000b106                smpBuildPairingRandom
 .text.smpBuildSigningInfo
                0x000000000000b136       0x30 E:\VV_application\BLE单片机\CH573EVT\EVT\EXAM\BLE\LIB\libCH57xBLE.a(sm.o)
                0x000000000000b136                smpBuildSigningInfo
 .text.SM_ParamInit
                0x000000000000b166       0x5a E:\VV_application\BLE单片机\CH573EVT\EVT\EXAM\BLE\LIB\libCH57xBLE.a(sm.o)
                0x000000000000b166                SM_ParamInit
 .text.smDetermineKeySize
                0x000000000000b1c0       0x20 E:\VV_application\BLE单片机\CH573EVT\EVT\EXAM\BLE\LIB\libCH57xBLE.a(sm.o)
                0x000000000000b1c0                smDetermineKeySize
 .text.smProcessRandComplete
                0x000000000000b1e0       0x9e E:\VV_application\BLE单片机\CH573EVT\EVT\EXAM\BLE\LIB\libCH57xBLE.a(sm.o)
                0x000000000000b1e0                smProcessRandComplete
 .text.smSavePairInfo
                0x000000000000b27e      0x186 E:\VV_application\BLE单片机\CH573EVT\EVT\EXAM\BLE\LIB\libCH57xBLE.a(sm.o)
                0x000000000000b27e                smSavePairInfo
 .text.smSetPairingReqRsp
                0x000000000000b404       0x38 E:\VV_application\BLE单片机\CH573EVT\EVT\EXAM\BLE\LIB\libCH57xBLE.a(sm.o)
                0x000000000000b404                smSetPairingReqRsp
 .text.smStartEncryption
                0x000000000000b43c       0x16 E:\VV_application\BLE单片机\CH573EVT\EVT\EXAM\BLE\LIB\libCH57xBLE.a(sm.o)
                0x000000000000b43c                smStartEncryption
 .text.smStartRspTimer
                0x000000000000b452       0x36 E:\VV_application\BLE单片机\CH573EVT\EVT\EXAM\BLE\LIB\libCH57xBLE.a(sm.o)
                0x000000000000b452                smStartRspTimer
 .text.smSendSMMsg
                0x000000000000b488       0x5c E:\VV_application\BLE单片机\CH573EVT\EVT\EXAM\BLE\LIB\libCH57xBLE.a(sm.o)
                0x000000000000b488                smSendSMMsg
 .text.smGenerateConfirm
                0x000000000000b4e4       0x34 E:\VV_application\BLE单片机\CH573EVT\EVT\EXAM\BLE\LIB\libCH57xBLE.a(sm.o)
                0x000000000000b4e4                smGenerateConfirm
 .text.smGenerateRandMsg
                0x000000000000b518       0x34 E:\VV_application\BLE单片机\CH573EVT\EVT\EXAM\BLE\LIB\libCH57xBLE.a(sm.o)
                0x000000000000b518                smGenerateRandMsg
 .text.smPairingSendEncInfo
                0x000000000000b54c       0x10 E:\VV_application\BLE单片机\CH573EVT\EVT\EXAM\BLE\LIB\libCH57xBLE.a(sm.o)
                0x000000000000b54c                smPairingSendEncInfo
 .text.smPairingSendIdentityAddrInfo
                0x000000000000b55c       0x38 E:\VV_application\BLE单片机\CH573EVT\EVT\EXAM\BLE\LIB\libCH57xBLE.a(sm.o)
                0x000000000000b55c                smPairingSendIdentityAddrInfo
 .text.smPairingSendIdentityInfo
                0x000000000000b594       0x10 E:\VV_application\BLE单片机\CH573EVT\EVT\EXAM\BLE\LIB\libCH57xBLE.a(sm.o)
                0x000000000000b594                smPairingSendIdentityInfo
 .text.smPairingSendMasterID
                0x000000000000b5a4       0x38 E:\VV_application\BLE单片机\CH573EVT\EVT\EXAM\BLE\LIB\libCH57xBLE.a(sm.o)
                0x000000000000b5a4                smPairingSendMasterID
 .text.smPairingSendSingingInfo
                0x000000000000b5dc       0x10 E:\VV_application\BLE单片机\CH573EVT\EVT\EXAM\BLE\LIB\libCH57xBLE.a(sm.o)
                0x000000000000b5dc                smPairingSendSingingInfo
 .text.smInitiatorSendNextKeyInfo
                0x000000000000b5ec      0x1c2 E:\VV_application\BLE单片机\CH573EVT\EVT\EXAM\BLE\LIB\libCH57xBLE.a(sm.o)
                0x000000000000b5ec                smInitiatorSendNextKeyInfo
 .text.smResponderSendNextKeyInfo
                0x000000000000b7ae      0x212 E:\VV_application\BLE单片机\CH573EVT\EVT\EXAM\BLE\LIB\libCH57xBLE.a(sm.o)
                0x000000000000b7ae                smResponderSendNextKeyInfo
 .text.smGeneratePairingReqRsp
                0x000000000000b9c0       0x3e E:\VV_application\BLE单片机\CH573EVT\EVT\EXAM\BLE\LIB\libCH57xBLE.a(sm.o)
                0x000000000000b9c0                smGeneratePairingReqRsp
 .text.smStopRspTimer
                0x000000000000b9fe        0xa E:\VV_application\BLE单片机\CH573EVT\EVT\EXAM\BLE\LIB\libCH57xBLE.a(sm.o)
                0x000000000000b9fe                smStopRspTimer
 .text.smFreePairingParams
                0x000000000000ba08       0x68 E:\VV_application\BLE单片机\CH573EVT\EVT\EXAM\BLE\LIB\libCH57xBLE.a(sm.o)
                0x000000000000ba08                smFreePairingParams
 .text.smEndPairing
                0x000000000000ba70       0x5c E:\VV_application\BLE单片机\CH573EVT\EVT\EXAM\BLE\LIB\libCH57xBLE.a(sm.o)
                0x000000000000ba70                smEndPairing
 .text.setupInitiatorKeys
                0x000000000000bacc       0x82 E:\VV_application\BLE单片机\CH573EVT\EVT\EXAM\BLE\LIB\libCH57xBLE.a(sm.o)
                0x000000000000bacc                setupInitiatorKeys
 .text.smNextPairingState
                0x000000000000bb4e       0x56 E:\VV_application\BLE单片机\CH573EVT\EVT\EXAM\BLE\LIB\libCH57xBLE.a(sm.o)
                0x000000000000bb4e                smNextPairingState
 .text.smProcessEncryptChange
                0x000000000000bba4       0xde E:\VV_application\BLE单片机\CH573EVT\EVT\EXAM\BLE\LIB\libCH57xBLE.a(sm.o)
                0x000000000000bba4                smProcessEncryptChange
 .text.smSendFailAndEnd
                0x000000000000bc82       0x38 E:\VV_application\BLE单片机\CH573EVT\EVT\EXAM\BLE\LIB\libCH57xBLE.a(sm.o)
                0x000000000000bc82                smSendFailAndEnd
 .text.smProcessPairingReq
                0x000000000000bcba       0x3c E:\VV_application\BLE单片机\CH573EVT\EVT\EXAM\BLE\LIB\libCH57xBLE.a(sm.o)
                0x000000000000bcba                smProcessPairingReq
 .text.smLinkCheck
                0x000000000000bcf6       0x34 E:\VV_application\BLE单片机\CH573EVT\EVT\EXAM\BLE\LIB\libCH57xBLE.a(sm.o)
                0x000000000000bcf6                smLinkCheck
 .text.smTimedOut
                0x000000000000bd2a       0x20 E:\VV_application\BLE单片机\CH573EVT\EVT\EXAM\BLE\LIB\libCH57xBLE.a(sm.o)
                0x000000000000bd2a                smTimedOut
 .text.smUint8ToAuthReq
                0x000000000000bd4a        0x6 E:\VV_application\BLE单片机\CH573EVT\EVT\EXAM\BLE\LIB\libCH57xBLE.a(sm.o)
                0x000000000000bd4a                smUint8ToAuthReq
 .text.sm_ah    0x000000000000bd50       0x7e E:\VV_application\BLE单片机\CH573EVT\EVT\EXAM\BLE\LIB\libCH57xBLE.a(sm.o)
                0x000000000000bd50                sm_ah
 .text.sm_xor   0x000000000000bdce       0x24 E:\VV_application\BLE单片机\CH573EVT\EVT\EXAM\BLE\LIB\libCH57xBLE.a(sm.o)
                0x000000000000bdce                sm_xor
 .text.sm_c1new
                0x000000000000bdf2      0x11c E:\VV_application\BLE单片机\CH573EVT\EVT\EXAM\BLE\LIB\libCH57xBLE.a(sm.o)
                0x000000000000bdf2                sm_c1new
 .text.sm_s1    0x000000000000bf0e       0x86 E:\VV_application\BLE单片机\CH573EVT\EVT\EXAM\BLE\LIB\libCH57xBLE.a(sm.o)
                0x000000000000bf0e                sm_s1
 .text.smResponderProcessLTKReq
                0x000000000000bf94      0x1ac E:\VV_application\BLE单片机\CH573EVT\EVT\EXAM\BLE\LIB\libCH57xBLE.a(sm.o)
                0x000000000000bf94                smResponderProcessLTKReq
 .text.xor_128  0x000000000000c140       0x28 E:\VV_application\BLE单片机\CH573EVT\EVT\EXAM\BLE\LIB\libCH57xBLE.a(sm.o)
                0x000000000000c140                xor_128
 .text.leftshift_onebit
                0x000000000000c168       0x2e E:\VV_application\BLE单片机\CH573EVT\EVT\EXAM\BLE\LIB\libCH57xBLE.a(sm.o)
                0x000000000000c168                leftshift_onebit
 .text.padding  0x000000000000c196       0x38 E:\VV_application\BLE单片机\CH573EVT\EVT\EXAM\BLE\LIB\libCH57xBLE.a(sm.o)
                0x000000000000c196                padding
 .text.generate_subkey
                0x000000000000c1ce       0xd0 E:\VV_application\BLE单片机\CH573EVT\EVT\EXAM\BLE\LIB\libCH57xBLE.a(sm.o)
                0x000000000000c1ce                generate_subkey
 .text.sm_CMAC  0x000000000000c29e      0x16e E:\VV_application\BLE单片机\CH573EVT\EVT\EXAM\BLE\LIB\libCH57xBLE.a(sm.o)
                0x000000000000c29e                sm_CMAC
 .text.smpBuildPairingReqRsp
                0x000000000000c40c       0xc6 E:\VV_application\BLE单片机\CH573EVT\EVT\EXAM\BLE\LIB\libCH57xBLE.a(sm.o)
                0x000000000000c40c                smpBuildPairingReqRsp
 .text.smpBuildPairingReq
                0x000000000000c4d2        0xa E:\VV_application\BLE单片机\CH573EVT\EVT\EXAM\BLE\LIB\libCH57xBLE.a(sm.o)
                0x000000000000c4d2                smpBuildPairingReq
 .text.smpBuildPairingRsp
                0x000000000000c4dc        0xa E:\VV_application\BLE单片机\CH573EVT\EVT\EXAM\BLE\LIB\libCH57xBLE.a(sm.o)
                0x000000000000c4dc                smpBuildPairingRsp
 .text.sm_c1    0x000000000000c4e6       0xb4 E:\VV_application\BLE单片机\CH573EVT\EVT\EXAM\BLE\LIB\libCH57xBLE.a(sm.o)
                0x000000000000c4e6                sm_c1
 .text.smpBuildSecurityReq
                0x000000000000c59a       0x1a E:\VV_application\BLE单片机\CH573EVT\EVT\EXAM\BLE\LIB\libCH57xBLE.a(sm.o)
                0x000000000000c59a                smpBuildSecurityReq
 .text.smpInitiatorProcessPairingRsp
                0x000000000000c5b4      0x116 E:\VV_application\BLE单片机\CH573EVT\EVT\EXAM\BLE\LIB\libCH57xBLE.a(sm.o)
                0x000000000000c5b4                smpInitiatorProcessPairingRsp
 .text.smpInitiatorProcessIncoming
                0x000000000000c6ca      0x23e E:\VV_application\BLE单片机\CH573EVT\EVT\EXAM\BLE\LIB\libCH57xBLE.a(sm.o)
                0x000000000000c6ca                smpInitiatorProcessIncoming
 .text.smpParseEncInfo
                0x000000000000c908       0x2a E:\VV_application\BLE单片机\CH573EVT\EVT\EXAM\BLE\LIB\libCH57xBLE.a(sm.o)
                0x000000000000c908                smpParseEncInfo
 .text.smpParseIdentityAddrInfo
                0x000000000000c932       0x34 E:\VV_application\BLE单片机\CH573EVT\EVT\EXAM\BLE\LIB\libCH57xBLE.a(sm.o)
                0x000000000000c932                smpParseIdentityAddrInfo
 .text.smpParseIdentityInfo
                0x000000000000c966       0x2a E:\VV_application\BLE单片机\CH573EVT\EVT\EXAM\BLE\LIB\libCH57xBLE.a(sm.o)
                0x000000000000c966                smpParseIdentityInfo
 .text.smpParseMasterID
                0x000000000000c990       0x3c E:\VV_application\BLE单片机\CH573EVT\EVT\EXAM\BLE\LIB\libCH57xBLE.a(sm.o)
                0x000000000000c990                smpParseMasterID
 .text.smpParsePairingConfirm
                0x000000000000c9cc       0x2a E:\VV_application\BLE单片机\CH573EVT\EVT\EXAM\BLE\LIB\libCH57xBLE.a(sm.o)
                0x000000000000c9cc                smpParsePairingConfirm
 .text.smpParsePairingFailed
                0x000000000000c9f6       0x22 E:\VV_application\BLE单片机\CH573EVT\EVT\EXAM\BLE\LIB\libCH57xBLE.a(sm.o)
                0x000000000000c9f6                smpParsePairingFailed
 .text.smpParsePairingRandom
                0x000000000000ca18       0x2a E:\VV_application\BLE单片机\CH573EVT\EVT\EXAM\BLE\LIB\libCH57xBLE.a(sm.o)
                0x000000000000ca18                smpParsePairingRandom
 .text.smpParsePairingReq
                0x000000000000ca42      0x118 E:\VV_application\BLE单片机\CH573EVT\EVT\EXAM\BLE\LIB\libCH57xBLE.a(sm.o)
                0x000000000000ca42                smpParsePairingReq
 .text.smpParseSigningInfo
                0x000000000000cb5a       0x2a E:\VV_application\BLE单片机\CH573EVT\EVT\EXAM\BLE\LIB\libCH57xBLE.a(sm.o)
                0x000000000000cb5a                smpParseSigningInfo
 .text.smProcessDataMsg
                0x000000000000cb84       0xec E:\VV_application\BLE单片机\CH573EVT\EVT\EXAM\BLE\LIB\libCH57xBLE.a(sm.o)
                0x000000000000cb84                smProcessDataMsg
 .text.smProcessTMOSMsg
                0x000000000000cc70       0xca E:\VV_application\BLE单片机\CH573EVT\EVT\EXAM\BLE\LIB\libCH57xBLE.a(sm.o)
                0x000000000000cc70                smProcessTMOSMsg
 .text.smpResponderProcessPairingReq
                0x000000000000cd3a       0xd6 E:\VV_application\BLE单片机\CH573EVT\EVT\EXAM\BLE\LIB\libCH57xBLE.a(sm.o)
                0x000000000000cd3a                smpResponderProcessPairingReq
 .text.smpResponderProcessIncoming